Loading reference model and scenario tree
Starting confidence interval calculation...
Problem contains 10 scenarios, of which 2 will be used to find a solution xhat.
A total of 4 groups of 2 scenarios will be used to compute the confidence interval on xhat.

Loading scenario instances and initializing scenario tree for xhat scenario bundle.
Initializing PH

We are solving a MINIMIZATION problem.
Creating the xhat extensive form.

Composite scenarios:
Scenario1
Scenario4

Solving the xhat extensive form.
Solving extensive form.
solve_ef() terminated.
Extensive form objective value given xhat=151556.6
The computation of xhat is complete - starting to compute confidence interval via sub-sampling.

Computing statistics for sample k=1.
Loading scenario instances and initializing scenario tree for xstar scenario bundle.
Initializing PH

Creating the xstar extensive form.

Composite scenarios:
Scenario6
Scenario8

Solving the xstar extensive form.
Solving extensive form.
solve_ef() terminated.
Sample extensive form objective value=131734.96
Solving the extensive form given the xhat solution.
Solving extensive form.
solve_ef() terminated.
Sample extensive form objective value given xhat=154886.6

Computing statistics for sample k=2.
Loading scenario instances and initializing scenario tree for xstar scenario bundle.
Initializing PH

Creating the xstar extensive form.

Composite scenarios:
Scenario2
Scenario5

Solving the xstar extensive form.
Solving extensive form.
solve_ef() terminated.
Sample extensive form objective value=145068.48
Solving the extensive form given the xhat solution.
Solving extensive form.
solve_ef() terminated.
Sample extensive form objective value given xhat=154816.6

Computing statistics for sample k=3.
Loading scenario instances and initializing scenario tree for xstar scenario bundle.
Initializing PH

Creating the xstar extensive form.

Composite scenarios:
Scenario7
Scenario9

Solving the xstar extensive form.
Solving extensive form.
solve_ef() terminated.
Sample extensive form objective value=139613.36
Solving the extensive form given the xhat solution.
Solving extensive form.
solve_ef() terminated.
Sample extensive form objective value given xhat=153956.6

Computing statistics for sample k=4.
Loading scenario instances and initializing scenario tree for xstar scenario bundle.
Initializing PH

Creating the xstar extensive form.

Composite scenarios:
Scenario3
Scenario10

Solving the xstar extensive form.
Solving extensive form.
solve_ef() terminated.
Sample extensive form objective value=135746.08
Solving the extensive form given the xhat solution.
Solving extensive form.
solve_ef() terminated.
Sample extensive form objective value given xhat=156256.6
g_supk_of_xhat[1]=23159.205660
g_supk_of_xhat[2]= 9761.928200
g_supk_of_xhat[3]=14343.240000
g_supk_of_xhat[4]=20520.275960

Raw results:
g_bar= 16946.162455
g_stddev= 6048.81862712
Average f(xhat)= 154979.1

Results summary:
Confidence interval width for alpha=0.001 is 38640.2504612
Confidence interval width for alpha=0.005 is 30870.5429346
Confidence interval width for alpha=0.01 is 28278.6241529
Confidence interval width for alpha=0.025 is 25341.9227094
Confidence interval width for alpha=0.05 is 23394.2031115
Confidence interval width for alpha=0.1 is 21582.5819327
Confidence interval width for alpha=0.25 is 19187.2497563
