*** Pyro Name Server ***
The Name Server appears to be already running on this segment.
(host: 127.0.0.1  port: 9090 )
Cannot start multiple Name Servers in the same network segment.
Dispatcher is ready.
Worker attempting to find Pyro dispatcher object...
Dispatcher Object URI:PYRO://134.253.194.1:7766/86fdc2018f8a216bccacd5059eea1202d3
Connection to dispatch server established after 1 attempts and  0.00 seconds - this is worker: Worker_36747@snotra.sandia.gov
Listening for work from dispatcher...
Client attempting to find Pyro dispatcher object...
Dispatcher Object URI: PYRO://134.253.194.1:7766/86fdc2018f8a216bccacd5059eea1202d3
Connection to dispatch server established after 1 attempts and  0.00 seconds - this is client: 36748@snotra.sandia.gov
Initializing PH

Starting PH

Initiating PH iteration=0
2015-06-27 11:09:25.366373: Applying solver=cplex to solve problem=/tmp/tmp5eX6Ne.tmpiF3qS0.pyomo.lp
2015-06-27 11:09:25.384192: Solve completed - number of solutions=1
2015-06-27 11:09:25.389207: Applying solver=cplex to solve problem=/tmp/tmpMblvGl.tmpxc0Sof.pyomo.lp
2015-06-27 11:09:25.409475: Solve completed - number of solutions=1
2015-06-27 11:09:25.414750: Applying solver=cplex to solve problem=/tmp/tmpRLY1YP.tmpU0w8Ic.pyomo.lp
2015-06-27 11:09:25.435602: Solve completed - number of solutions=1
Number of discrete variables fixed=0 (total=0)
Number of continuous variables fixed=0 (total=3)
First stage cost avg= 113494.4444 Max-Min=10416.67
Converger=normalized-term-diff value is       0.2540 - threshold reached=False
Cumulative run-time=0.13 seconds

Initiating PH iteration=1
2015-06-27 11:09:25.472514: Applying solver=cplex to solve problem=/tmp/tmpzrjZQI.tmpjeEhQc.pyomo.lp
2015-06-27 11:09:25.494395: Solve completed - number of solutions=1
2015-06-27 11:09:25.499477: Applying solver=cplex to solve problem=/tmp/tmp1vA_Z4.tmpAuF21w.pyomo.lp
2015-06-27 11:09:25.519809: Solve completed - number of solutions=1
2015-06-27 11:09:25.524974: Applying solver=cplex to solve problem=/tmp/tmpqxlvJf.tmpcCETtJ.pyomo.lp
2015-06-27 11:09:25.546371: Solve completed - number of solutions=1
Number of discrete variables fixed=0 (total=0)
Number of continuous variables fixed=0 (total=3)
First stage cost avg= 113107.2221 Max-Min= 6943.89
Converger=normalized-term-diff value is       0.1259 - threshold reached=False
Cumulative run-time=0.24 seconds

Initiating PH iteration=2
2015-06-27 11:09:25.583462: Applying solver=cplex to solve problem=/tmp/tmpY2NwSa.tmpJ8Kf3b.pyomo.lp
2015-06-27 11:09:25.604954: Solve completed - number of solutions=1
2015-06-27 11:09:25.610152: Applying solver=cplex to solve problem=/tmp/tmpaWrsS9.tmpPOuycU.pyomo.lp
2015-06-27 11:09:25.631830: Solve completed - number of solutions=1
2015-06-27 11:09:25.636926: Applying solver=cplex to solve problem=/tmp/tmptYYB_0.tmprOATYX.pyomo.lp
2015-06-27 11:09:25.658326: Solve completed - number of solutions=1
Number of discrete variables fixed=0 (total=0)
Number of continuous variables fixed=0 (total=3)
First stage cost avg= 112954.6296 Max-Min= 2234.82
Converger=normalized-term-diff value is       0.0816 - threshold reached=False
Cumulative run-time=0.35 seconds

Initiating PH iteration=3
2015-06-27 11:09:25.694951: Applying solver=cplex to solve problem=/tmp/tmpklJtn8.tmp7QdrU_.pyomo.lp
2015-06-27 11:09:25.716561: Solve completed - number of solutions=1
2015-06-27 11:09:25.721802: Applying solver=cplex to solve problem=/tmp/tmp5jOTW_.tmpH8G_5x.pyomo.lp
2015-06-27 11:09:25.743294: Solve completed - number of solutions=1
2015-06-27 11:09:25.748529: Applying solver=cplex to solve problem=/tmp/tmpmFrnIv.tmpBlz3z1.pyomo.lp
2015-06-27 11:09:25.769789: Solve completed - number of solutions=1
Number of discrete variables fixed=0 (total=0)
Number of continuous variables fixed=0 (total=3)
First stage cost avg= 112963.0248 Max-Min= 2375.31
Converger=normalized-term-diff value is       0.0796 - threshold reached=False
Cumulative run-time=0.47 seconds

Initiating PH iteration=4
2015-06-27 11:09:25.806422: Applying solver=cplex to solve problem=/tmp/tmpHW3MUE.tmpMfnq9O.pyomo.lp
2015-06-27 11:09:25.827843: Solve completed - number of solutions=1
2015-06-27 11:09:25.832927: Applying solver=cplex to solve problem=/tmp/tmpU63kJ3.tmpLfAMxR.pyomo.lp
2015-06-27 11:09:25.846494: Solve completed - number of solutions=1
2015-06-27 11:09:25.849616: Applying solver=cplex to solve problem=/tmp/tmp5Tg3up.tmpHDBHK1.pyomo.lp
2015-06-27 11:09:25.870196: Solve completed - number of solutions=1
Number of discrete variables fixed=0 (total=0)
Number of continuous variables fixed=0 (total=3)
First stage cost avg= 112915.6071 Max-Min= 3047.08
Converger=normalized-term-diff value is       0.0776 - threshold reached=False
Cumulative run-time=0.57 seconds

Initiating PH iteration=5
2015-06-27 11:09:25.890279: Applying solver=cplex to solve problem=/tmp/tmp2s6GN_.tmpRUFRQy.pyomo.lp
2015-06-27 11:09:25.903961: Solve completed - number of solutions=1
2015-06-27 11:09:25.908412: Applying solver=cplex to solve problem=/tmp/tmpI_OCoY.tmpc8N0ua.pyomo.lp
2015-06-27 11:09:25.929896: Solve completed - number of solutions=1
2015-06-27 11:09:25.935078: Applying solver=cplex to solve problem=/tmp/tmpsOhBFi.tmpnIKHif.pyomo.lp
2015-06-27 11:09:25.956209: Solve completed - number of solutions=1
Number of discrete variables fixed=0 (total=0)
Number of continuous variables fixed=0 (total=3)
First stage cost avg= 112825.3926 Max-Min= 3339.81
Converger=normalized-term-diff value is       0.0794 - threshold reached=False
Cumulative run-time=0.65 seconds

Initiating PH iteration=6
2015-06-27 11:09:25.993058: Applying solver=cplex to solve problem=/tmp/tmpig2O92.tmpFahau6.pyomo.lp
2015-06-27 11:09:26.014409: Solve completed - number of solutions=1
2015-06-27 11:09:26.019529: Applying solver=cplex to solve problem=/tmp/tmpXB9o65.tmpGcGcq2.pyomo.lp
2015-06-27 11:09:26.040898: Solve completed - number of solutions=1
2015-06-27 11:09:26.046019: Applying solver=cplex to solve problem=/tmp/tmptMqUNZ.tmplPD2zy.pyomo.lp
2015-06-27 11:09:26.067652: Solve completed - number of solutions=1
Number of discrete variables fixed=0 (total=0)
Number of continuous variables fixed=0 (total=3)
First stage cost avg= 112317.9502 Max-Min= 2019.60
Converger=normalized-term-diff value is       0.0668 - threshold reached=False
Cumulative run-time=0.76 seconds

Initiating PH iteration=7
2015-06-27 11:09:26.104328: Applying solver=cplex to solve problem=/tmp/tmpSxhG8E.tmpvwPrMn.pyomo.lp
2015-06-27 11:09:26.125216: Solve completed - number of solutions=1
2015-06-27 11:09:26.130230: Applying solver=cplex to solve problem=/tmp/tmpGDhfu0.tmpOrXtU1.pyomo.lp
2015-06-27 11:09:26.151711: Solve completed - number of solutions=1
2015-06-27 11:09:26.157014: Applying solver=cplex to solve problem=/tmp/tmpzRCSxE.tmpOHKP7j.pyomo.lp
2015-06-27 11:09:26.178636: Solve completed - number of solutions=1
Number of discrete variables fixed=0 (total=0)
Number of continuous variables fixed=0 (total=3)
First stage cost avg= 111364.4660 Max-Min= 1181.85
Converger=normalized-term-diff value is       0.0542 - threshold reached=False
Cumulative run-time=0.88 seconds

Initiating PH iteration=8
2015-06-27 11:09:26.198939: Applying solver=cplex to solve problem=/tmp/tmpYez0Pc.tmpWjqibi.pyomo.lp
2015-06-27 11:09:26.212596: Solve completed - number of solutions=1
2015-06-27 11:09:26.216600: Applying solver=cplex to solve problem=/tmp/tmp5NAk3T.tmpa4UsEN.pyomo.lp
2015-06-27 11:09:26.236322: Solve completed - number of solutions=1
2015-06-27 11:09:26.241470: Applying solver=cplex to solve problem=/tmp/tmpWPwb3E.tmp8V5PyM.pyomo.lp
2015-06-27 11:09:26.261961: Solve completed - number of solutions=1
Number of discrete variables fixed=0 (total=0)
Number of continuous variables fixed=0 (total=3)
First stage cost avg= 110283.4074 Max-Min=  463.23
Converger=normalized-term-diff value is       0.0360 - threshold reached=False
Cumulative run-time=0.96 seconds

Initiating PH iteration=9
2015-06-27 11:09:26.298667: Applying solver=cplex to solve problem=/tmp/tmpR2_pt2.tmpgwL3VS.pyomo.lp
2015-06-27 11:09:26.314497: Solve completed - number of solutions=1
2015-06-27 11:09:26.318009: Applying solver=cplex to solve problem=/tmp/tmpB6ntTZ.tmpDaYlcP.pyomo.lp
2015-06-27 11:09:26.339722: Solve completed - number of solutions=1
2015-06-27 11:09:26.344858: Applying solver=cplex to solve problem=/tmp/tmpl52sIU.tmpbO26TD.pyomo.lp
2015-06-27 11:09:26.366198: Solve completed - number of solutions=1
Number of discrete variables fixed=0 (total=0)
Number of continuous variables fixed=0 (total=3)
First stage cost avg= 109399.2542 Max-Min=  363.90
Converger=normalized-term-diff value is       0.0243 - threshold reached=False
Cumulative run-time=1.06 seconds

Initiating PH iteration=10
2015-06-27 11:09:26.402959: Applying solver=cplex to solve problem=/tmp/tmpD3ytIC.tmpCmEmHi.pyomo.lp
2015-06-27 11:09:26.424623: Solve completed - number of solutions=1
2015-06-27 11:09:26.429801: Applying solver=cplex to solve problem=/tmp/tmpREukNn.tmpEji2V2.pyomo.lp
2015-06-27 11:09:26.451504: Solve completed - number of solutions=1
2015-06-27 11:09:26.456117: Applying solver=cplex to solve problem=/tmp/tmpFTaRKR.tmpVyBGHA.pyomo.lp
2015-06-27 11:09:26.477748: Solve completed - number of solutions=1
Number of discrete variables fixed=0 (total=0)
Number of continuous variables fixed=0 (total=3)
First stage cost avg= 108834.1930 Max-Min=  933.90
Converger=normalized-term-diff value is       0.0256 - threshold reached=False
Cumulative run-time=1.17 seconds

Initiating PH iteration=11
2015-06-27 11:09:26.514554: Applying solver=cplex to solve problem=/tmp/tmpVzSIyu.tmpL9mQKf.pyomo.lp
2015-06-27 11:09:26.534963: Solve completed - number of solutions=1
2015-06-27 11:09:26.540223: Applying solver=cplex to solve problem=/tmp/tmpXMF0uN.tmpTeapy0.pyomo.lp
2015-06-27 11:09:26.561939: Solve completed - number of solutions=1
2015-06-27 11:09:26.567041: Applying solver=cplex to solve problem=/tmp/tmpV8Gl8l.tmpYo1AZ1.pyomo.lp
2015-06-27 11:09:26.588178: Solve completed - number of solutions=1
Number of discrete variables fixed=0 (total=0)
Number of continuous variables fixed=0 (total=3)
First stage cost avg= 108575.3219 Max-Min=  918.57
Converger=normalized-term-diff value is       0.0248 - threshold reached=False
Cumulative run-time=1.28 seconds

Initiating PH iteration=12
2015-06-27 11:09:26.624534: Applying solver=cplex to solve problem=/tmp/tmpVfB7cZ.tmpC2dOYD.pyomo.lp
2015-06-27 11:09:26.645441: Solve completed - number of solutions=1
2015-06-27 11:09:26.650771: Applying solver=cplex to solve problem=/tmp/tmp_akfCz.tmpkDpk5T.pyomo.lp
2015-06-27 11:09:26.672795: Solve completed - number of solutions=1
2015-06-27 11:09:26.677837: Applying solver=cplex to solve problem=/tmp/tmpYYo0At.tmpUHiiae.pyomo.lp
2015-06-27 11:09:26.699167: Solve completed - number of solutions=1
Number of discrete variables fixed=0 (total=0)
Number of continuous variables fixed=0 (total=3)
First stage cost avg= 108513.5347 Max-Min=  591.25
Converger=normalized-term-diff value is       0.0163 - threshold reached=False
Cumulative run-time=1.40 seconds

Initiating PH iteration=13
2015-06-27 11:09:26.719179: Applying solver=cplex to solve problem=/tmp/tmpXe7QSD.tmp1w8e86.pyomo.lp
2015-06-27 11:09:26.732761: Solve completed - number of solutions=1
2015-06-27 11:09:26.737075: Applying solver=cplex to solve problem=/tmp/tmptCHlMV.tmpgRwzIR.pyomo.lp
2015-06-27 11:09:26.757041: Solve completed - number of solutions=1
2015-06-27 11:09:26.762239: Applying solver=cplex to solve problem=/tmp/tmp2J9y22.tmpQzVC2s.pyomo.lp
2015-06-27 11:09:26.783564: Solve completed - number of solutions=1
Number of discrete variables fixed=0 (total=0)
Number of continuous variables fixed=0 (total=3)
First stage cost avg= 108528.2899 Max-Min=  175.95
Converger=normalized-term-diff value is       0.0081 - threshold reached=False
Cumulative run-time=1.48 seconds

Initiating PH iteration=14
2015-06-27 11:09:26.819915: Applying solver=cplex to solve problem=/tmp/tmpmKancn.tmpvRL4dO.pyomo.lp
2015-06-27 11:09:26.834861: Solve completed - number of solutions=1
2015-06-27 11:09:26.839111: Applying solver=cplex to solve problem=/tmp/tmpNL2zpo.tmpfjQyqb.pyomo.lp
2015-06-27 11:09:26.859817: Solve completed - number of solutions=1
2015-06-27 11:09:26.864908: Applying solver=cplex to solve problem=/tmp/tmpEOSvwL.tmpS_nfn5.pyomo.lp
2015-06-27 11:09:26.886231: Solve completed - number of solutions=1
Number of discrete variables fixed=0 (total=0)
Number of continuous variables fixed=0 (total=3)
First stage cost avg= 108561.6577 Max-Min=  274.77
Converger=normalized-term-diff value is       0.0168 - threshold reached=False
Cumulative run-time=1.58 seconds

Initiating PH iteration=15
2015-06-27 11:09:26.923483: Applying solver=cplex to solve problem=/tmp/tmpxR9cRB.tmpf9WoA3.pyomo.lp
2015-06-27 11:09:26.945011: Solve completed - number of solutions=1
2015-06-27 11:09:26.950077: Applying solver=cplex to solve problem=/tmp/tmpQPK69x.tmpmcOrzU.pyomo.lp
2015-06-27 11:09:26.971938: Solve completed - number of solutions=1
2015-06-27 11:09:26.977026: Applying solver=cplex to solve problem=/tmp/tmpOUETAV.tmpaQWBzu.pyomo.lp
2015-06-27 11:09:26.998322: Solve completed - number of solutions=1
Number of discrete variables fixed=0 (total=0)
Number of continuous variables fixed=0 (total=3)
First stage cost avg= 108604.0579 Max-Min=  295.14
Converger=normalized-term-diff value is       0.0163 - threshold reached=False
Cumulative run-time=1.69 seconds

Initiating PH iteration=16
2015-06-27 11:09:27.034727: Applying solver=cplex to solve problem=/tmp/tmpPEeO83.tmpOfZ4Pb.pyomo.lp
2015-06-27 11:09:27.056891: Solve completed - number of solutions=1
2015-06-27 11:09:27.062122: Applying solver=cplex to solve problem=/tmp/tmp_CLmUN.tmpElHvww.pyomo.lp
2015-06-27 11:09:27.083689: Solve completed - number of solutions=1
2015-06-27 11:09:27.088832: Applying solver=cplex to solve problem=/tmp/tmpysfSq0.tmpEK2XVS.pyomo.lp
2015-06-27 11:09:27.110301: Solve completed - number of solutions=1
Number of discrete variables fixed=0 (total=0)
Number of continuous variables fixed=0 (total=3)
First stage cost avg= 108667.3583 Max-Min=  127.67
Converger=normalized-term-diff value is       0.0098 - threshold reached=False
Cumulative run-time=1.81 seconds

Initiating PH iteration=17
2015-06-27 11:09:27.146755: Applying solver=cplex to solve problem=/tmp/tmpUNZcOf.tmpi87wWP.pyomo.lp
2015-06-27 11:09:27.167428: Solve completed - number of solutions=1
2015-06-27 11:09:27.173001: Applying solver=cplex to solve problem=/tmp/tmp0EfmSs.tmpCHFanM.pyomo.lp
2015-06-27 11:09:27.194457: Solve completed - number of solutions=1
2015-06-27 11:09:27.199825: Applying solver=cplex to solve problem=/tmp/tmpyxlFgh.tmpyE2aF2.pyomo.lp
2015-06-27 11:09:27.221112: Solve completed - number of solutions=1
Number of discrete variables fixed=0 (total=0)
Number of continuous variables fixed=0 (total=3)
First stage cost avg= 108758.4237 Max-Min=   59.69
Converger=normalized-term-diff value is       0.0032 - threshold reached=False
Cumulative run-time=1.92 seconds

Initiating PH iteration=18
2015-06-27 11:09:27.257627: Applying solver=cplex to solve problem=/tmp/tmpmjOw16.tmpzXDZbb.pyomo.lp
2015-06-27 11:09:27.272570: Solve completed - number of solutions=1
2015-06-27 11:09:27.277329: Applying solver=cplex to solve problem=/tmp/tmpcP_eC7.tmpcT8ENc.pyomo.lp
2015-06-27 11:09:27.293364: Solve completed - number of solutions=1
2015-06-27 11:09:27.297495: Applying solver=cplex to solve problem=/tmp/tmpL66xUn.tmpX9w2q5.pyomo.lp
2015-06-27 11:09:27.318527: Solve completed - number of solutions=1
Number of discrete variables fixed=0 (total=0)
Number of continuous variables fixed=0 (total=3)
First stage cost avg= 108868.1277 Max-Min=  101.79
Converger=normalized-term-diff value is       0.0026 - threshold reached=False
Cumulative run-time=2.02 seconds

Initiating PH iteration=19
2015-06-27 11:09:27.355091: Applying solver=cplex to solve problem=/tmp/tmpyHrCey.tmpwHn2Fs.pyomo.lp
2015-06-27 11:09:27.376678: Solve completed - number of solutions=1
2015-06-27 11:09:27.382010: Applying solver=cplex to solve problem=/tmp/tmpibSyjj.tmp2fTsRb.pyomo.lp
2015-06-27 11:09:27.403285: Solve completed - number of solutions=1
2015-06-27 11:09:27.408261: Applying solver=cplex to solve problem=/tmp/tmpJU9_Kc.tmpSgEXgO.pyomo.lp
2015-06-27 11:09:27.429787: Solve completed - number of solutions=1
Number of discrete variables fixed=0 (total=0)
Number of continuous variables fixed=0 (total=3)
First stage cost avg= 108975.3089 Max-Min=   73.41
Converger=normalized-term-diff value is       0.0039 - threshold reached=False
Cumulative run-time=2.13 seconds

Initiating PH iteration=20
2015-06-27 11:09:27.466172: Applying solver=cplex to solve problem=/tmp/tmpF4xw81.tmpaEznV4.pyomo.lp
2015-06-27 11:09:27.487910: Solve completed - number of solutions=1
2015-06-27 11:09:27.492850: Applying solver=cplex to solve problem=/tmp/tmpasQyBs.tmp9UxbNc.pyomo.lp
2015-06-27 11:09:27.505808: Solve completed - number of solutions=1
2015-06-27 11:09:27.508901: Applying solver=cplex to solve problem=/tmp/tmpr1groD.tmpZrRDWf.pyomo.lp
2015-06-27 11:09:27.528706: Solve completed - number of solutions=1
Number of discrete variables fixed=0 (total=0)
Number of continuous variables fixed=0 (total=3)
First stage cost avg= 109057.4144 Max-Min=   39.47
Converger=normalized-term-diff value is       0.0043 - threshold reached=False
Cumulative run-time=2.23 seconds

Initiating PH iteration=21
2015-06-27 11:09:27.565258: Applying solver=cplex to solve problem=/tmp/tmpbpb8jB.tmpwBNwx8.pyomo.lp
2015-06-27 11:09:27.586102: Solve completed - number of solutions=1
2015-06-27 11:09:27.591278: Applying solver=cplex to solve problem=/tmp/tmpRIL4xI.tmpQWsAww.pyomo.lp
2015-06-27 11:09:27.612440: Solve completed - number of solutions=1
2015-06-27 11:09:27.617527: Applying solver=cplex to solve problem=/tmp/tmpECxDfY.tmpdf4bmO.pyomo.lp
2015-06-27 11:09:27.638476: Solve completed - number of solutions=1
Number of discrete variables fixed=0 (total=0)
Number of continuous variables fixed=0 (total=3)
First stage cost avg= 109099.7145 Max-Min=   87.57
Converger=normalized-term-diff value is       0.0044 - threshold reached=False
Cumulative run-time=2.33 seconds

Initiating PH iteration=22
2015-06-27 11:09:27.674590: Applying solver=cplex to solve problem=/tmp/tmpJcV4yM.tmpEJCT4z.pyomo.lp
2015-06-27 11:09:27.694937: Solve completed - number of solutions=1
2015-06-27 11:09:27.700104: Applying solver=cplex to solve problem=/tmp/tmpqaLxOJ.tmpe0jvGO.pyomo.lp
2015-06-27 11:09:27.721280: Solve completed - number of solutions=1
2015-06-27 11:09:27.726490: Applying solver=cplex to solve problem=/tmp/tmpCfmLAS.tmpHaLIk2.pyomo.lp
2015-06-27 11:09:27.747547: Solve completed - number of solutions=1
Number of discrete variables fixed=0 (total=0)
Number of continuous variables fixed=0 (total=3)
First stage cost avg= 109099.1239 Max-Min=  104.22
Converger=normalized-term-diff value is       0.0040 - threshold reached=False
Cumulative run-time=2.44 seconds

Initiating PH iteration=23
2015-06-27 11:09:27.784028: Applying solver=cplex to solve problem=/tmp/tmp_ZU6R7.tmpLdUH0e.pyomo.lp
2015-06-27 11:09:27.805200: Solve completed - number of solutions=1
2015-06-27 11:09:27.810466: Applying solver=cplex to solve problem=/tmp/tmpCGrsHq.tmpt85UWi.pyomo.lp
2015-06-27 11:09:27.831774: Solve completed - number of solutions=1
2015-06-27 11:09:27.837054: Applying solver=cplex to solve problem=/tmp/tmp_UJcTq.tmpLeI0Dh.pyomo.lp
2015-06-27 11:09:27.858212: Solve completed - number of solutions=1
Number of discrete variables fixed=0 (total=0)
Number of continuous variables fixed=0 (total=3)
First stage cost avg= 109062.8322 Max-Min=   88.54
Converger=normalized-term-diff value is       0.0032 - threshold reached=False
Cumulative run-time=2.55 seconds

Initiating PH iteration=24
2015-06-27 11:09:27.894663: Applying solver=cplex to solve problem=/tmp/tmpeMsI4C.tmpAHaOHd.pyomo.lp
2015-06-27 11:09:27.915929: Solve completed - number of solutions=1
2015-06-27 11:09:27.920953: Applying solver=cplex to solve problem=/tmp/tmpbNSMAY.tmpGVH7th.pyomo.lp
2015-06-27 11:09:27.942507: Solve completed - number of solutions=1
2015-06-27 11:09:27.947481: Applying solver=cplex to solve problem=/tmp/tmpwoI596.tmpnk9BAM.pyomo.lp
2015-06-27 11:09:27.968579: Solve completed - number of solutions=1
Number of discrete variables fixed=0 (total=0)
Number of continuous variables fixed=0 (total=3)
First stage cost avg= 109004.1156 Max-Min=   54.49
Converger=normalized-term-diff value is       0.0021 - threshold reached=False
Cumulative run-time=2.66 seconds

Initiating PH iteration=25
2015-06-27 11:09:27.988826: Applying solver=cplex to solve problem=/tmp/tmp5pA1xo.tmpuKRqVn.pyomo.lp
2015-06-27 11:09:28.001821: Solve completed - number of solutions=1
2015-06-27 11:09:28.006505: Applying solver=cplex to solve problem=/tmp/tmp44HY21.tmpMv8oji.pyomo.lp
2015-06-27 11:09:28.026336: Solve completed - number of solutions=1
2015-06-27 11:09:28.031373: Applying solver=cplex to solve problem=/tmp/tmpGvHKWd.tmp7ziizB.pyomo.lp
2015-06-27 11:09:28.052779: Solve completed - number of solutions=1
Number of discrete variables fixed=0 (total=0)
Number of continuous variables fixed=0 (total=3)
First stage cost avg= 108937.8039 Max-Min=   16.89
Converger=normalized-term-diff value is       0.0008 - threshold reached=False
Cumulative run-time=2.75 seconds

Initiating PH iteration=26
2015-06-27 11:09:28.089629: Applying solver=cplex to solve problem=/tmp/tmp1C305f.tmpZvSAbe.pyomo.lp
2015-06-27 11:09:28.104656: Solve completed - number of solutions=1
2015-06-27 11:09:28.108163: Applying solver=cplex to solve problem=/tmp/tmpohOaax.tmp6OKvUF.pyomo.lp
2015-06-27 11:09:28.122101: Solve completed - number of solutions=1
2015-06-27 11:09:28.126705: Applying solver=cplex to solve problem=/tmp/tmpjDQ6DO.tmpjM4OKP.pyomo.lp
2015-06-27 11:09:28.145711: Solve completed - number of solutions=1
Number of discrete variables fixed=0 (total=0)
Number of continuous variables fixed=0 (total=3)
First stage cost avg= 108876.8822 Max-Min=   14.27
Converger=normalized-term-diff value is       0.0005 - threshold reached=False
Cumulative run-time=2.84 seconds

Initiating PH iteration=27
2015-06-27 11:09:28.180374: Applying solver=cplex to solve problem=/tmp/tmpBHxbBS.tmpk1w9zp.pyomo.lp
2015-06-27 11:09:28.194621: Solve completed - number of solutions=1
2015-06-27 11:09:28.197873: Applying solver=cplex to solve problem=/tmp/tmpcfPVzm.tmpTMp7Tg.pyomo.lp
2015-06-27 11:09:28.215718: Solve completed - number of solutions=1
2015-06-27 11:09:28.218608: Applying solver=cplex to solve problem=/tmp/tmpRZXe1c.tmp36nVc9.pyomo.lp
2015-06-27 11:09:28.236915: Solve completed - number of solutions=1
Number of discrete variables fixed=0 (total=0)
Number of continuous variables fixed=0 (total=3)
First stage cost avg= 108830.6201 Max-Min=   34.81
Converger=normalized-term-diff value is       0.0015 - threshold reached=False
Cumulative run-time=2.93 seconds

Initiating PH iteration=28
2015-06-27 11:09:28.273289: Applying solver=cplex to solve problem=/tmp/tmp2yJZ7n.tmpFYZ5VJ.pyomo.lp
2015-06-27 11:09:28.295757: Solve completed - number of solutions=1
2015-06-27 11:09:28.301300: Applying solver=cplex to solve problem=/tmp/tmpLCk7eP.tmp3sWrZV.pyomo.lp
2015-06-27 11:09:28.323241: Solve completed - number of solutions=1
2015-06-27 11:09:28.328692: Applying solver=cplex to solve problem=/tmp/tmpDzY7PS.tmp9JLYno.pyomo.lp
2015-06-27 11:09:28.349965: Solve completed - number of solutions=1
Number of discrete variables fixed=0 (total=0)
Number of continuous variables fixed=0 (total=3)
First stage cost avg= 108803.9655 Max-Min=   44.57
Converger=normalized-term-diff value is       0.0021 - threshold reached=False
Cumulative run-time=3.05 seconds

Initiating PH iteration=29
2015-06-27 11:09:28.386138: Applying solver=cplex to solve problem=/tmp/tmp1xbCtT.tmpE0h2m7.pyomo.lp
2015-06-27 11:09:28.405634: Solve completed - number of solutions=1
2015-06-27 11:09:28.408727: Applying solver=cplex to solve problem=/tmp/tmpbzgqaU.tmpFed2H4.pyomo.lp
2015-06-27 11:09:28.428578: Solve completed - number of solutions=1
2015-06-27 11:09:28.433675: Applying solver=cplex to solve problem=/tmp/tmpHM8nqM.tmpMFWGF0.pyomo.lp
2015-06-27 11:09:28.454850: Solve completed - number of solutions=1
Number of discrete variables fixed=0 (total=0)
Number of continuous variables fixed=0 (total=3)
First stage cost avg= 108797.7661 Max-Min=   45.24
Converger=normalized-term-diff value is       0.0023 - threshold reached=False
Cumulative run-time=3.15 seconds

Initiating PH iteration=30
2015-06-27 11:09:28.491081: Applying solver=cplex to solve problem=/tmp/tmpCUhi5k.tmpODvrwc.pyomo.lp
2015-06-27 11:09:28.505609: Solve completed - number of solutions=1
2015-06-27 11:09:28.508952: Applying solver=cplex to solve problem=/tmp/tmpgsg8Cl.tmpor6q3U.pyomo.lp
2015-06-27 11:09:28.528819: Solve completed - number of solutions=1
2015-06-27 11:09:28.533909: Applying solver=cplex to solve problem=/tmp/tmpfG93Ce.tmpOpnOGI.pyomo.lp
2015-06-27 11:09:28.555297: Solve completed - number of solutions=1
Number of discrete variables fixed=0 (total=0)
Number of continuous variables fixed=0 (total=3)
First stage cost avg= 108809.4793 Max-Min=   39.01
Converger=normalized-term-diff value is       0.0020 - threshold reached=False
Cumulative run-time=3.25 seconds

Initiating PH iteration=31
2015-06-27 11:09:28.591918: Applying solver=cplex to solve problem=/tmp/tmpbIG5OR.tmpYlAqJM.pyomo.lp
2015-06-27 11:09:28.613243: Solve completed - number of solutions=1
2015-06-27 11:09:28.618310: Applying solver=cplex to solve problem=/tmp/tmp14Dnhx.tmp8NdpQK.pyomo.lp
2015-06-27 11:09:28.639458: Solve completed - number of solutions=1
2015-06-27 11:09:28.644784: Applying solver=cplex to solve problem=/tmp/tmpMjMRpL.tmpVSIH0b.pyomo.lp
2015-06-27 11:09:28.665925: Solve completed - number of solutions=1
Number of discrete variables fixed=0 (total=0)
Number of continuous variables fixed=0 (total=3)
First stage cost avg= 108834.1639 Max-Min=   28.07
Converger=normalized-term-diff value is       0.0015 - threshold reached=False
Cumulative run-time=3.36 seconds

Initiating PH iteration=32
2015-06-27 11:09:28.702994: Applying solver=cplex to solve problem=/tmp/tmpUb3971.tmpDbGl7S.pyomo.lp
2015-06-27 11:09:28.723840: Solve completed - number of solutions=1
2015-06-27 11:09:28.729046: Applying solver=cplex to solve problem=/tmp/tmpRgZdrZ.tmpf0Q5hD.pyomo.lp
2015-06-27 11:09:28.750567: Solve completed - number of solutions=1
2015-06-27 11:09:28.755714: Applying solver=cplex to solve problem=/tmp/tmpAolh4t.tmpIgFZSc.pyomo.lp
2015-06-27 11:09:28.777070: Solve completed - number of solutions=1
Number of discrete variables fixed=0 (total=0)
Number of continuous variables fixed=0 (total=3)
First stage cost avg= 108865.6237 Max-Min=   14.67
Converger=normalized-term-diff value is       0.0008 - threshold reached=False
Cumulative run-time=3.47 seconds

Initiating PH iteration=33
2015-06-27 11:09:28.813448: Applying solver=cplex to solve problem=/tmp/tmphwk2NT.tmpaUPhu8.pyomo.lp
2015-06-27 11:09:28.834243: Solve completed - number of solutions=1
2015-06-27 11:09:28.839459: Applying solver=cplex to solve problem=/tmp/tmp7llv8Q.tmp_3hm1h.pyomo.lp
2015-06-27 11:09:28.859330: Solve completed - number of solutions=1
2015-06-27 11:09:28.864416: Applying solver=cplex to solve problem=/tmp/tmplaIQTW.tmpBpzk5s.pyomo.lp
2015-06-27 11:09:28.885555: Solve completed - number of solutions=1
Number of discrete variables fixed=0 (total=0)
Number of continuous variables fixed=0 (total=3)
First stage cost avg= 108897.5679 Max-Min=    1.06
Converger=normalized-term-diff value is       0.0001 - threshold reached=True
Cumulative run-time=3.58 seconds

Number of discrete variables fixed before final plugin calls=0 (total=0)
Number of continuous variables fixed before final plugin calls=0 (total=3)
PH complete

Convergence history:
Converger=normalized-term-diff
Iteration    Metric Value
     0             0.2540
     1             0.1259
     2             0.0816
     3             0.0796
     4             0.0776
     5             0.0794
     6             0.0668
     7             0.0542
     8             0.0360
     9             0.0243
    10             0.0256
    11             0.0248
    12             0.0163
    13             0.0081
    14             0.0168
    15             0.0163
    16             0.0098
    17             0.0032
    18             0.0026
    19             0.0039
    20             0.0043
    21             0.0044
    22             0.0040
    23             0.0032
    24             0.0021
    25             0.0008
    26             0.0005
    27             0.0015
    28             0.0021
    29             0.0023
    30             0.0020
    31             0.0015
    32             0.0008
    33             0.0001


Final number of discrete variables fixed=0 (total=0)
Final number of continuous variables fixed=0 (total=3)

Computing objective inner bound at xhat solution
2015-06-27 11:09:28.922525: Applying solver=cplex to solve problem=/tmp/tmpF9NJht.tmpNs1Bme.pyomo.lp
2015-06-27 11:09:28.943196: Solve completed - number of solutions=1
2015-06-27 11:09:28.948301: Applying solver=cplex to solve problem=/tmp/tmpWzQ9pQ.tmpXd_rBr.pyomo.lp
2015-06-27 11:09:28.968785: Solve completed - number of solutions=1
2015-06-27 11:09:28.973825: Applying solver=cplex to solve problem=/tmp/tmp_C3X_a.tmph_1qa5.pyomo.lp
2015-06-27 11:09:28.994060: Solve completed - number of solutions=1

Computed objective upper bound=-108388.7726

X-hat variable values:

   Stage: FirstStage
          (Scenarios: BelowAverageScenario  AverageScenario  AboveAverageScenario  )
      Variable: DevotedAcreage
         Index:        [CORN]	Values:       79.9768     79.9768     79.9768    Max-Min:        0.0232    Avg:       79.9871

         Index: [SUGAR_BEETS]	Values:      250.0000    250.0000    250.0000    Max-Min:        0.0230    Avg:      249.9873

         Index:       [WHEAT]	Values:      170.0232    170.0232    170.0232    Max-Min:        0.0078    Avg:      170.0256

      Cost Variable: FirstStageCost
         Tree Node: RootNode      (Scenarios:  BelowAverageScenario AverageScenario AboveAverageScenario )
         Values:   108898.1476 108898.1476 108898.1476    Max-Min:        0.0000   Avg:   108898.1476

X-hat costs:

Scenario Tree Costs
----------------------------------------------------
Tree Nodes:

	Name=AboveAverageNode
	Stage=SecondStage
	Parent=RootNode
	Conditional probability=0.3333
	Children:
		None
	Scenarios:
		AboveAverageScenario
	Expected cost of (sub)tree rooted at node=-275899.3047

	Name=AverageNode
	Stage=SecondStage
	Parent=RootNode
	Conditional probability=0.3333
	Children:
		None
	Scenarios:
		AverageScenario
	Expected cost of (sub)tree rooted at node=-218245.2532

	Name=BelowAverageNode
	Stage=SecondStage
	Parent=RootNode
	Conditional probability=0.3333
	Children:
		None
	Scenarios:
		BelowAverageScenario
	Expected cost of (sub)tree rooted at node=-157716.2026

	Name=RootNode
	Stage=FirstStage
	Parent=None
	Conditional probability=1.0000
	Children:
		AboveAverageNode
		AverageNode
		BelowAverageNode
	Scenarios:
		AboveAverageScenario
		AverageScenario
		BelowAverageScenario
	Expected cost of (sub)tree rooted at node=-108388.7726

----------------------------------------------------
Scenarios:

	Name=AboveAverageScenario
	Probability=0.3333
	Leaf Node=AboveAverageNode
	Tree node sequence:
		RootNode
		AboveAverageNode
	Stage=          FirstStage     Cost=108898.1476
	Stage=         SecondStage     Cost=-275899.3047
	Total scenario cost=-167001.1571

	Name=AverageScenario
	Probability=0.3333
	Leaf Node=AverageNode
	Tree node sequence:
		RootNode
		AverageNode
	Stage=          FirstStage     Cost=108898.1476
	Stage=         SecondStage     Cost=-218245.2532
	Total scenario cost=-109347.1056

	Name=BelowAverageScenario
	Probability=0.3333
	Leaf Node=BelowAverageNode
	Tree node sequence:
		RootNode
		BelowAverageNode
	Stage=          FirstStage     Cost=108898.1476
	Stage=         SecondStage     Cost=-157716.2026
	Total scenario cost=-48818.0550

----------------------------------------------------

Total PH execution time=3.69 seconds



Shutting down Pyro solver components.
Dispatcher received request to shut down - initiating...

Total execution time=6.77 seconds
Lost connection to dispatch server - shutting down...
