*** Pyro Name Server ***
The Name Server appears to be already running on this segment.
(host: 134.253.194.1  port: 9090 )
Cannot start multiple Name Servers in the same network segment.
Dispatcher is ready.
Attempting to find Pyro dispatcher object...
Dispatcher Object URI:PYRO://134.253.194.1:7766/86fdc201b3212113b59885c55c0d85f9f7
This is worker Worker_45858@snotra.sandia.gov
Listening for work from dispatcher...
Attempting to find Pyro dispatcher object...
Dispatcher Object URI: PYRO://134.253.194.1:7766/86fdc201b3212113b59885c55c0d85f9f7
This is client 45859@snotra.sandia.gov
Initializing PH

Starting PH

Initiating PH iteration=0
2015-01-07 08:51:30.044728: Applying solver=asl to solve problem=/tmp/tmpr7hY4H.tmpXbghLm.pyomo.nl
2015-01-07 08:51:30.070079: Solve completed - number of solutions=1
2015-01-07 08:51:30.086034: Applying solver=asl to solve problem=/tmp/tmpdXpOOa.tmpTOMof_.pyomo.nl
2015-01-07 08:51:30.107132: Solve completed - number of solutions=1
2015-01-07 08:51:30.122660: Applying solver=asl to solve problem=/tmp/tmpIS4KPW.tmpyQ4kHc.pyomo.nl
2015-01-07 08:51:30.149458: Solve completed - number of solutions=1
At least one sub-problem solve time was undefined - skipping timing statistics
Number of discrete variables fixed=0 (total=0)
Number of continuous variables fixed=0 (total=3)
Convergence metric=      0.2540  First stage cost avg= 113494.4456  Max-Min=10416.67
Cumulative run-time=0.17 seconds

Initiating PH iteration=1
2015-01-07 08:51:30.197375: Applying solver=asl to solve problem=/tmp/tmpkECbO3.tmpdv75Qq.pyomo.nl
2015-01-07 08:51:30.240020: Solve completed - number of solutions=1
2015-01-07 08:51:30.256450: Applying solver=asl to solve problem=/tmp/tmpGBfZ24.tmpxsSC1s.pyomo.nl
2015-01-07 08:51:30.291292: Solve completed - number of solutions=1
2015-01-07 08:51:30.306990: Applying solver=asl to solve problem=/tmp/tmplPfP7A.tmp3iGv63.pyomo.nl
2015-01-07 08:51:30.342118: Solve completed - number of solutions=1
At least one sub-problem solve time was undefined - skipping timing statistics
Number of discrete variables fixed=0 (total=0)
Number of continuous variables fixed=0 (total=3)
Convergence metric=      0.1307  First stage cost avg= 113073.3345  Max-Min= 7180.00
Cumulative run-time=0.37 seconds

Initiating PH iteration=2
2015-01-07 08:51:30.388620: Applying solver=asl to solve problem=/tmp/tmpn5QF3y.tmpNLTbWL.pyomo.nl
2015-01-07 08:51:30.424674: Solve completed - number of solutions=1
2015-01-07 08:51:30.440283: Applying solver=asl to solve problem=/tmp/tmp4dV9bv.tmpJHNiDq.pyomo.nl
2015-01-07 08:51:30.472872: Solve completed - number of solutions=1
2015-01-07 08:51:30.488771: Applying solver=asl to solve problem=/tmp/tmpfiEYBM.tmpWt0pKI.pyomo.nl
2015-01-07 08:51:30.524603: Solve completed - number of solutions=1
At least one sub-problem solve time was undefined - skipping timing statistics
Number of discrete variables fixed=0 (total=0)
Number of continuous variables fixed=0 (total=3)
Convergence metric=      0.0872  First stage cost avg= 113259.7788  Max-Min= 1736.67
Cumulative run-time=0.55 seconds

Initiating PH iteration=3
2015-01-07 08:51:30.571528: Applying solver=asl to solve problem=/tmp/tmplBfk2J.tmpSPUlbM.pyomo.nl
2015-01-07 08:51:30.601469: Solve completed - number of solutions=1
2015-01-07 08:51:30.617017: Applying solver=asl to solve problem=/tmp/tmp0R_GAI.tmpClaav5.pyomo.nl
2015-01-07 08:51:30.651517: Solve completed - number of solutions=1
2015-01-07 08:51:30.667158: Applying solver=asl to solve problem=/tmp/tmp7xkz62.tmpFYlKLb.pyomo.nl
2015-01-07 08:51:30.697827: Solve completed - number of solutions=1
At least one sub-problem solve time was undefined - skipping timing statistics
Number of discrete variables fixed=0 (total=0)
Number of continuous variables fixed=0 (total=3)
Convergence metric=      0.0793  First stage cost avg= 113339.1863  Max-Min= 1836.89
Cumulative run-time=0.72 seconds

Initiating PH iteration=4
2015-01-07 08:51:30.744988: Applying solver=asl to solve problem=/tmp/tmpaK67XR.tmpIzfhU1.pyomo.nl
2015-01-07 08:51:30.773680: Solve completed - number of solutions=1
2015-01-07 08:51:30.789444: Applying solver=asl to solve problem=/tmp/tmpcImw26.tmp28cLz_.pyomo.nl
2015-01-07 08:51:30.821627: Solve completed - number of solutions=1
2015-01-07 08:51:30.837361: Applying solver=asl to solve problem=/tmp/tmpWlvMet.tmp_xerl4.pyomo.nl
2015-01-07 08:51:30.870094: Solve completed - number of solutions=1
At least one sub-problem solve time was undefined - skipping timing statistics
Number of discrete variables fixed=0 (total=0)
Number of continuous variables fixed=0 (total=3)
Convergence metric=      0.0820  First stage cost avg= 112746.3962  Max-Min= 3745.63
Cumulative run-time=0.89 seconds

Initiating PH iteration=5
2015-01-07 08:51:30.917486: Applying solver=asl to solve problem=/tmp/tmphPexCU.tmpVbUaX9.pyomo.nl
2015-01-07 08:51:30.949841: Solve completed - number of solutions=1
2015-01-07 08:51:30.966216: Applying solver=asl to solve problem=/tmp/tmpsCrThU.tmp10em2J.pyomo.nl
2015-01-07 08:51:30.997942: Solve completed - number of solutions=1
2015-01-07 08:51:31.014488: Applying solver=asl to solve problem=/tmp/tmpUdQo4f.tmp678Aok.pyomo.nl
2015-01-07 08:51:31.042705: Solve completed - number of solutions=1
At least one sub-problem solve time was undefined - skipping timing statistics
Number of discrete variables fixed=0 (total=0)
Number of continuous variables fixed=0 (total=3)
Convergence metric=      0.0828  First stage cost avg= 112327.9394  Max-Min= 4381.88
Cumulative run-time=1.07 seconds

Initiating PH iteration=6
2015-01-07 08:51:31.089233: Applying solver=asl to solve problem=/tmp/tmpDBBy6m.tmpeYwznc.pyomo.nl
2015-01-07 08:51:31.121542: Solve completed - number of solutions=1
2015-01-07 08:51:31.137349: Applying solver=asl to solve problem=/tmp/tmpFTn56r.tmpZS3HQP.pyomo.nl
2015-01-07 08:51:31.170518: Solve completed - number of solutions=1
2015-01-07 08:51:31.186487: Applying solver=asl to solve problem=/tmp/tmpf8Gdtl.tmp7BY4qd.pyomo.nl
2015-01-07 08:51:31.219456: Solve completed - number of solutions=1
At least one sub-problem solve time was undefined - skipping timing statistics
Number of discrete variables fixed=0 (total=0)
Number of continuous variables fixed=0 (total=3)
Convergence metric=      0.0561  First stage cost avg= 112125.1863  Max-Min= 1027.56
Cumulative run-time=1.24 seconds

Initiating PH iteration=7
2015-01-07 08:51:31.266739: Applying solver=asl to solve problem=/tmp/tmpWoZEjQ.tmpYIFqmt.pyomo.nl
2015-01-07 08:51:31.298786: Solve completed - number of solutions=1
2015-01-07 08:51:31.315220: Applying solver=asl to solve problem=/tmp/tmpntDaz1.tmpSs5hne.pyomo.nl
2015-01-07 08:51:31.346979: Solve completed - number of solutions=1
2015-01-07 08:51:31.362567: Applying solver=asl to solve problem=/tmp/tmpkILEtk.tmph8NRag.pyomo.nl
2015-01-07 08:51:31.392110: Solve completed - number of solutions=1
At least one sub-problem solve time was undefined - skipping timing statistics
Number of discrete variables fixed=0 (total=0)
Number of continuous variables fixed=0 (total=3)
Convergence metric=      0.0625  First stage cost avg= 111694.0422  Max-Min= 2320.99
Cumulative run-time=1.42 seconds

Initiating PH iteration=8
2015-01-07 08:51:31.438745: Applying solver=asl to solve problem=/tmp/tmp5Gkpsc.tmptgD83C.pyomo.nl
2015-01-07 08:51:31.471521: Solve completed - number of solutions=1
2015-01-07 08:51:31.487205: Applying solver=asl to solve problem=/tmp/tmpOYTCAG.tmpueUSk2.pyomo.nl
2015-01-07 08:51:31.522259: Solve completed - number of solutions=1
2015-01-07 08:51:31.537881: Applying solver=asl to solve problem=/tmp/tmpnPMJCT.tmpybOz1F.pyomo.nl
2015-01-07 08:51:31.561703: Solve completed - number of solutions=1
At least one sub-problem solve time was undefined - skipping timing statistics
Number of discrete variables fixed=0 (total=0)
Number of continuous variables fixed=0 (total=3)
Convergence metric=      0.0342  First stage cost avg= 111355.5180  Max-Min= 1015.57
Cumulative run-time=1.59 seconds

Initiating PH iteration=9
2015-01-07 08:51:31.608506: Applying solver=asl to solve problem=/tmp/tmpyVkIu3.tmpEdusHE.pyomo.nl
2015-01-07 08:51:31.639715: Solve completed - number of solutions=1
2015-01-07 08:51:31.656518: Applying solver=asl to solve problem=/tmp/tmpgpSleD.tmpexkUKs.pyomo.nl
2015-01-07 08:51:31.682055: Solve completed - number of solutions=1
2015-01-07 08:51:31.697629: Applying solver=asl to solve problem=/tmp/tmpbhxG_H.tmp4QTNVj.pyomo.nl
2015-01-07 08:51:31.728848: Solve completed - number of solutions=1
At least one sub-problem solve time was undefined - skipping timing statistics
Number of discrete variables fixed=0 (total=0)
Number of continuous variables fixed=0 (total=3)
Convergence metric=      0.0000  First stage cost avg= 111355.5177  Max-Min=    0.00
Cumulative run-time=1.75 seconds
PH converged - convergence metric is below threshold=0.0001
Number of discrete variables fixed before final plugin calls=0 (total=0)
Number of continuous variables fixed before final plugin calls=0 (total=3)
PH complete
Convergence history:
Iteration    Metric Value
     0             0.2540
     1             0.1307
     2             0.0872
     3             0.0793
     4             0.0820
     5             0.0828
     6             0.0561
     7             0.0625
     8             0.0342
     9             0.0000

***********************************************************************************************
>>>THE EXPECTED SUM OF THE STAGE COST VARIABLES=-107958.900269<<<
>>>***CAUTION***: Assumes full (or nearly so) convergence of scenario solutions at each node in the scenario tree - computed costs are invalid otherwise<<<
***********************************************************************************************
Final number of discrete variables fixed=0 (total=0)
Final number of continuous variables fixed=0 (total=3)
Final variable values:
   Stage: FirstStage
          (Scenarios: BelowAverageScenario  AverageScenario  AboveAverageScenario  )
      Variable: DevotedAcreage
         Index:        [CORN]	Values:       88.4631     88.4631     88.4631    Max-Min:        0.0000    Avg:       88.4631

         Index: [SUGAR_BEETS]	Values:      266.1679    266.1679    266.1679    Max-Min:        0.0000    Avg:      266.1679

         Index:       [WHEAT]	Values:      145.3690    145.3690    145.3690    Max-Min:        0.0000    Avg:      145.3690

      Cost Variable: FirstStageCost
         Tree Node: RootNode      (Scenarios:  BelowAverageScenario AverageScenario AboveAverageScenario )
         Values:   111355.5178 111355.5176 111355.5178    Max-Min:        0.0002   Avg:   111355.5177
Final costs:
Scenario Tree Costs
***CAUTION***: Assumes full (or nearly so) convergence of scenario solutions at each node in the scenario tree - computed costs are invalid otherwise
----------------------------------------------------
Tree Nodes:

	Name=AboveAverageNode
	Stage=SecondStage
	Parent=RootNode
	Conditional probability=0.3333
	Children:
		None
	Scenarios:
		AboveAverageScenario
	Expected cost of (sub)tree rooted at node=-271788.5660

	Name=AverageNode
	Stage=SecondStage
	Parent=RootNode
	Conditional probability=0.3333
	Children:
		None
	Scenarios:
		AverageScenario
	Expected cost of (sub)tree rooted at node=-223231.1117

	Name=BelowAverageNode
	Stage=SecondStage
	Parent=RootNode
	Conditional probability=0.3333
	Children:
		None
	Scenarios:
		BelowAverageScenario
	Expected cost of (sub)tree rooted at node=-162923.5764

	Name=RootNode
	Stage=FirstStage
	Parent=None
	Conditional probability=1.0000
	Children:
		AboveAverageNode
		AverageNode
		BelowAverageNode
	Scenarios:
		AboveAverageScenario
		AverageScenario
		BelowAverageScenario
	Expected cost of (sub)tree rooted at node=-107958.9003

----------------------------------------------------
Scenarios:

	Name=AboveAverageScenario
	Probability=0.3333
	Leaf Node=AboveAverageNode
	Tree node sequence:
		RootNode
		AboveAverageNode
	Stage=          FirstStage     Cost=111355.5178
	Stage=         SecondStage     Cost=-271788.5660
	Total scenario cost=-160433.0482

	Name=AverageScenario
	Probability=0.3333
	Leaf Node=AverageNode
	Tree node sequence:
		RootNode
		AverageNode
	Stage=          FirstStage     Cost=111355.5176
	Stage=         SecondStage     Cost=-223231.1117
	Total scenario cost=-111875.5940

	Name=BelowAverageScenario
	Probability=0.3333
	Leaf Node=BelowAverageNode
	Tree node sequence:
		RootNode
		BelowAverageNode
	Stage=          FirstStage     Cost=111355.5178
	Stage=         SecondStage     Cost=-162923.5764
	Total scenario cost=-51568.0586

----------------------------------------------------

Total PH execution time=1.76 seconds



Shutting down Pyro solver components.
Dispatcher received request to shut down - initiating...

Total execution time=4.83 seconds
Lost connection to dispatch server - shutting down...
