*** Pyro Name Server ***
Name server listening on: ('0.0.0.0', 9090)
Broadcast server listening on: ('255.255.255.255', 9090)
URI is: PYRO://134.253.194.2:9090/86fdc2020682205f183fa4bdc3149d9da9
URI written to: /home/hudson/slave/workspace/Coopr_trunk_python2.6_carr_parallel/src/coopr.gdp/coopr/gdp/tests/Pyro_NS_URI
Name Server started.
Dispatcher is ready.
Attempting to find Pyro dispatcher object...
Dispatcher Object URI:PYRO://134.253.194.2:7766/86fdc2020683205f183fae082320888042
This is worker Worker_1668@carr.sandia.gov
Listening for work from dispatcher...
Attempting to find Pyro dispatcher object...
Dispatcher Object URI: PYRO://134.253.194.2:7766/86fdc2020683205f183fae082320888042
This is client 1669@carr.sandia.gov
Initializing PH

Starting PH

Initiating PH iteration=0
2014-01-21 15:36:21.801659: Applying solver=cplex to solve problem=/tmp/tmpXNi_7Q.tmpzXR3YZ.pyomo.lp
2014-01-21 15:36:21.814190: Solve completed - number of solutions=1
2014-01-21 15:36:21.827890: Applying solver=cplex to solve problem=/tmp/tmpKCSo_x.tmpw7Qtsa.pyomo.lp
2014-01-21 15:36:21.838844: Solve completed - number of solutions=1
Number of discrete variables fixed=0 (total=0)
Number of continuous variables fixed=0 (total=3)
Convergence metric=      0.2663  First stage cost avg= 112016.6667  Max-Min= 9350.00
Cumulative run-time=0.10 seconds

Initiating PH iteration=1
2014-01-21 15:36:21.852280: Applying solver=cplex to solve problem=/tmp/tmptL5PBQ.tmpgxAKqa.pyomo.lp
2014-01-21 15:36:21.866725: Solve completed - number of solutions=1
2014-01-21 15:36:21.880218: Applying solver=cplex to solve problem=/tmp/tmpMeyuPP.tmpFCjrhe.pyomo.lp
2014-01-21 15:36:21.894314: Solve completed - number of solutions=1
Number of discrete variables fixed=0 (total=0)
Number of continuous variables fixed=0 (total=3)
Convergence metric=      0.0612  First stage cost avg= 111376.6667  Max-Min= 2067.50
Cumulative run-time=0.16 seconds

Initiating PH iteration=2
2014-01-21 15:36:21.907759: Applying solver=cplex to solve problem=/tmp/tmpSBF30z.tmpCZhqWb.pyomo.lp
2014-01-21 15:36:21.921366: Solve completed - number of solutions=1
2014-01-21 15:36:21.935001: Applying solver=cplex to solve problem=/tmp/tmpVY1DQW.tmpt9BUZp.pyomo.lp
2014-01-21 15:36:21.949082: Solve completed - number of solutions=1
Number of discrete variables fixed=0 (total=0)
Number of continuous variables fixed=0 (total=3)
Convergence metric=      0.0494  First stage cost avg= 110111.6669  Max-Min=  500.00
Cumulative run-time=0.21 seconds

Initiating PH iteration=3
2014-01-21 15:36:21.962675: Applying solver=cplex to solve problem=/tmp/tmpUkVmhT.tmpRUtggA.pyomo.lp
2014-01-21 15:36:21.977324: Solve completed - number of solutions=1
2014-01-21 15:36:21.990762: Applying solver=cplex to solve problem=/tmp/tmpFnFeZN.tmpeZxgMu.pyomo.lp
2014-01-21 15:36:22.005011: Solve completed - number of solutions=1
Number of discrete variables fixed=0 (total=0)
Number of continuous variables fixed=0 (total=3)
Convergence metric=      0.0485  First stage cost avg= 108993.3337  Max-Min=  280.00
Cumulative run-time=0.27 seconds

Initiating PH iteration=4
2014-01-21 15:36:22.018467: Applying solver=cplex to solve problem=/tmp/tmpIv6E_J.tmp8JcOkl.pyomo.lp
2014-01-21 15:36:22.031815: Solve completed - number of solutions=1
2014-01-21 15:36:22.045405: Applying solver=cplex to solve problem=/tmp/tmpMcac7v.tmpA84eYM.pyomo.lp
2014-01-21 15:36:22.059767: Solve completed - number of solutions=1
Number of discrete variables fixed=0 (total=0)
Number of continuous variables fixed=0 (total=3)
Convergence metric=      0.0437  First stage cost avg= 108647.2224  Max-Min=  758.33
Cumulative run-time=0.32 seconds

Initiating PH iteration=5
2014-01-21 15:36:22.073190: Applying solver=cplex to solve problem=/tmp/tmpXP3hUo.tmpOVlbl2.pyomo.lp
2014-01-21 15:36:22.086035: Solve completed - number of solutions=1
2014-01-21 15:36:22.099555: Applying solver=cplex to solve problem=/tmp/tmp75BEam.tmpgWWDK8.pyomo.lp
2014-01-21 15:36:22.112794: Solve completed - number of solutions=1
Number of discrete variables fixed=0 (total=0)
Number of continuous variables fixed=0 (total=3)
Convergence metric=      0.0178  First stage cost avg= 108700.3705  Max-Min=  598.89
Cumulative run-time=0.38 seconds

Initiating PH iteration=6
2014-01-21 15:36:22.126331: Applying solver=cplex to solve problem=/tmp/tmpEGXCEJ.tmpEck34Z.pyomo.lp
2014-01-21 15:36:22.139095: Solve completed - number of solutions=1
2014-01-21 15:36:22.152738: Applying solver=cplex to solve problem=/tmp/tmpwcpHD0.tmpP_Jwtj.pyomo.lp
2014-01-21 15:36:22.165935: Solve completed - number of solutions=1
Number of discrete variables fixed=0 (total=0)
Number of continuous variables fixed=0 (total=3)
Convergence metric=      0.0068  First stage cost avg= 108851.1731  Max-Min=  146.48
Cumulative run-time=0.43 seconds

Initiating PH iteration=7
2014-01-21 15:36:22.179465: Applying solver=cplex to solve problem=/tmp/tmpaKeHfw.tmpjsXJAM.pyomo.lp
2014-01-21 15:36:22.192571: Solve completed - number of solutions=1
2014-01-21 15:36:22.205931: Applying solver=cplex to solve problem=/tmp/tmpvXdEbg.tmpr0iPQv.pyomo.lp
2014-01-21 15:36:22.218784: Solve completed - number of solutions=1
Number of discrete variables fixed=0 (total=0)
Number of continuous variables fixed=0 (total=3)
Convergence metric=      0.0082  First stage cost avg= 108933.9920  Max-Min=  101.98
Cumulative run-time=0.48 seconds

Initiating PH iteration=8
2014-01-21 15:36:22.232309: Applying solver=cplex to solve problem=/tmp/tmp4NgzUx.tmpl_v8hn.pyomo.lp
2014-01-21 15:36:22.245085: Solve completed - number of solutions=1
2014-01-21 15:36:22.258679: Applying solver=cplex to solve problem=/tmp/tmpk8d0IJ.tmp6aV11E.pyomo.lp
2014-01-21 15:36:22.271793: Solve completed - number of solutions=1
Number of discrete variables fixed=0 (total=0)
Number of continuous variables fixed=0 (total=3)
Convergence metric=      0.0044  First stage cost avg= 108938.9370  Max-Min=  116.81
Cumulative run-time=0.54 seconds

Initiating PH iteration=9
2014-01-21 15:36:22.285274: Applying solver=cplex to solve problem=/tmp/tmpd8T7qj.tmpeXTrvk.pyomo.lp
2014-01-21 15:36:22.298937: Solve completed - number of solutions=1
2014-01-21 15:36:22.312365: Applying solver=cplex to solve problem=/tmp/tmpqONU6z.tmpBOhSnD.pyomo.lp
2014-01-21 15:36:22.325692: Solve completed - number of solutions=1
Number of discrete variables fixed=0 (total=0)
Number of continuous variables fixed=0 (total=3)
Convergence metric=      0.0009  First stage cost avg= 108914.6274  Max-Min=   43.88
Cumulative run-time=0.59 seconds

Initiating PH iteration=10
2014-01-21 15:36:22.339275: Applying solver=cplex to solve problem=/tmp/tmpA5vQyP.tmpSynBih.pyomo.lp
2014-01-21 15:36:22.352288: Solve completed - number of solutions=1
2014-01-21 15:36:22.365806: Applying solver=cplex to solve problem=/tmp/tmpz8Coxv.tmpfVOD6y.pyomo.lp
2014-01-21 15:36:22.379607: Solve completed - number of solutions=1
Number of discrete variables fixed=0 (total=0)
Number of continuous variables fixed=0 (total=3)
Convergence metric=      0.0014  First stage cost avg= 108896.7727  Max-Min=    9.68
Cumulative run-time=0.64 seconds

Initiating PH iteration=11
2014-01-21 15:36:22.393088: Applying solver=cplex to solve problem=/tmp/tmpPP2bTO.tmpsQ8lBF.pyomo.lp
2014-01-21 15:36:22.405737: Solve completed - number of solutions=1
2014-01-21 15:36:22.419232: Applying solver=cplex to solve problem=/tmp/tmpkJs_7o.tmp6n8yX3.pyomo.lp
2014-01-21 15:36:22.432410: Solve completed - number of solutions=1
Number of discrete variables fixed=0 (total=0)
Number of continuous variables fixed=0 (total=3)
Convergence metric=      0.0009  First stage cost avg= 108892.9728  Max-Min=   21.08
Cumulative run-time=0.70 seconds

Initiating PH iteration=12
2014-01-21 15:36:22.445827: Applying solver=cplex to solve problem=/tmp/tmpl9r8Zj.tmptu9Pjz.pyomo.lp
2014-01-21 15:36:22.458302: Solve completed - number of solutions=1
2014-01-21 15:36:22.471749: Applying solver=cplex to solve problem=/tmp/tmpK9bZfY.tmp5zhh8e.pyomo.lp
2014-01-21 15:36:22.485097: Solve completed - number of solutions=1
Number of discrete variables fixed=0 (total=0)
Number of continuous variables fixed=0 (total=3)
Convergence metric=      0.0002  First stage cost avg= 108896.3910  Max-Min=   10.83
Cumulative run-time=0.75 seconds

Initiating PH iteration=13
2014-01-21 15:36:22.498571: Applying solver=cplex to solve problem=/tmp/tmp_2ZrSw.tmpcOCFeV.pyomo.lp
2014-01-21 15:36:22.511431: Solve completed - number of solutions=1
2014-01-21 15:36:22.524764: Applying solver=cplex to solve problem=/tmp/tmpOz1FtB.tmp6tOTgp.pyomo.lp
2014-01-21 15:36:22.538079: Solve completed - number of solutions=1
Number of discrete variables fixed=0 (total=0)
Number of continuous variables fixed=0 (total=3)
Convergence metric=      0.0002  First stage cost avg= 108899.9365  Max-Min=    0.19
Cumulative run-time=0.80 seconds

Initiating PH iteration=14
2014-01-21 15:36:22.551534: Applying solver=cplex to solve problem=/tmp/tmp16BknG.tmpFeoGXs.pyomo.lp
2014-01-21 15:36:22.564668: Solve completed - number of solutions=1
2014-01-21 15:36:22.578101: Applying solver=cplex to solve problem=/tmp/tmpKbxSOJ.tmpi_JSrx.pyomo.lp
2014-01-21 15:36:22.591809: Solve completed - number of solutions=1
Number of discrete variables fixed=0 (total=0)
Number of continuous variables fixed=0 (total=3)
Convergence metric=      0.0002  First stage cost avg= 108901.1608  Max-Min=    3.48
Cumulative run-time=0.86 seconds

Initiating PH iteration=15
2014-01-21 15:36:22.605306: Applying solver=cplex to solve problem=/tmp/tmpXfMId0.tmpnDjKd_.pyomo.lp
2014-01-21 15:36:22.618109: Solve completed - number of solutions=1
2014-01-21 15:36:22.632090: Applying solver=cplex to solve problem=/tmp/tmpZriuVP.tmp1AtYvv.pyomo.lp
2014-01-21 15:36:22.645309: Solve completed - number of solutions=1
Number of discrete variables fixed=0 (total=0)
Number of continuous variables fixed=0 (total=3)
Convergence metric=      0.0001  First stage cost avg= 108900.7951  Max-Min=    2.38
Cumulative run-time=0.91 seconds
PH converged - convergence metric is below threshold=0.0001
Number of discrete variables fixed before final plugin calls=0 (total=0)
Number of continuous variables fixed before final plugin calls=0 (total=3)
PH complete
Convergence history:
Iteration    Metric Value
     0             0.2663
     1             0.0612
     2             0.0494
     3             0.0485
     4             0.0437
     5             0.0178
     6             0.0068
     7             0.0082
     8             0.0044
     9             0.0009
    10             0.0014
    11             0.0009
    12             0.0002
    13             0.0002
    14             0.0002
    15             0.0001

***********************************************************************************************
>>>THE EXPECTED SUM OF THE STAGE COST VARIABLES=-108389.359433<<<
>>>***CAUTION***: Assumes full (or nearly so) convergence of scenario solutions at each node in the scenario tree - computed costs are invalid otherwise<<<
***********************************************************************************************
Final number of discrete variables fixed=0 (total=0)
Final number of continuous variables fixed=0 (total=3)
Final variable values:
   Stage: FirstStage
          (Scenarios: BelowAverageScenario  AverageScenario  AboveAverageScenario  )
      Variable: DevotedAcreage
         Index:        [CORN]	Values:       79.9847     80.0000     80.0000    Max-Min:        0.0153    Avg:       79.9949
         Index: [SUGAR_BEETS]	Values:      250.0328    250.0000    250.0000    Max-Min:        0.0328    Avg:      250.0109
         Index:       [WHEAT]	Values:      169.9825    170.0000    170.0000    Max-Min:        0.0175    Avg:      169.9942
      Cost Variable: FirstStageCost
         Tree Node: RootNode      (Scenarios:  BelowAverageScenario AverageScenario AboveAverageScenario )
         Values:   108902.3850 108900.0001 108900.0001    Max-Min:        2.3849   Avg:   108900.7951
Final costs:
Scenario Tree Costs
***CAUTION***: Assumes full (or nearly so) convergence of scenario solutions at each node in the scenario tree - computed costs are invalid otherwise
----------------------------------------------------
Tree Nodes:

	Name=AboveAverageNode
	Stage=SecondStage
	Parent=RootNode
	Conditional probability=0.3333
	Children:
		None
	Scenarios:
		AboveAverageScenario
	Expected cost of (sub)tree rooted at node=-275899.9996

	Name=AverageNode
	Stage=SecondStage
	Parent=RootNode
	Conditional probability=0.3333
	Children:
		None
	Scenarios:
		AverageScenario
	Expected cost of (sub)tree rooted at node=-218249.9999

	Name=BelowAverageNode
	Stage=SecondStage
	Parent=RootNode
	Conditional probability=0.3333
	Children:
		None
	Scenarios:
		BelowAverageScenario
	Expected cost of (sub)tree rooted at node=-157725.2337

	Name=RootNode
	Stage=FirstStage
	Parent=None
	Conditional probability=1.0000
	Children:
		AboveAverageNode
		AverageNode
		BelowAverageNode
	Scenarios:
		AboveAverageScenario
		AverageScenario
		BelowAverageScenario
	Expected cost of (sub)tree rooted at node=-108389.3594

----------------------------------------------------
Scenarios:

	Name=AboveAverageScenario
	Probability=0.3333
	Leaf Node=AboveAverageNode
	Tree node sequence:
		RootNode
		AboveAverageNode
	Stage=          FirstStage     Cost=108900.0001
	Stage=         SecondStage     Cost=-275899.9996
	Total scenario cost=-166999.9995

	Name=AverageScenario
	Probability=0.3333
	Leaf Node=AverageNode
	Tree node sequence:
		RootNode
		AverageNode
	Stage=          FirstStage     Cost=108900.0001
	Stage=         SecondStage     Cost=-218249.9999
	Total scenario cost=-109349.9998

	Name=BelowAverageScenario
	Probability=0.3333
	Leaf Node=BelowAverageNode
	Tree node sequence:
		RootNode
		BelowAverageNode
	Stage=          FirstStage     Cost=108902.3850
	Stage=         SecondStage     Cost=-157725.2337
	Total scenario cost=-48822.8487

----------------------------------------------------

Total PH execution time=0.91 seconds



Shutting down Pyro solver components
Dispatcher received request to shut down - initiating...

Total execution time=3.23 seconds
Name Server gracefully stopped.
Lost connection to dispatch server - shutting down...
