*** Pyro Name Server ***
Dispatcher is ready.
The Name Server appears to be already running on this segment.
(host: 127.0.0.1  port: 9090 )
Cannot start multiple Name Servers in the same network segment.
Worker attempting to find Pyro dispatcher object...
Dispatcher Object URI:PYRO://134.253.194.1:7766/86fdc201d9bf2170774f36477b8b66e83b
Connection to dispatch server established after 1 attempts and  0.00 seconds - this is worker: Worker_55753@snotra.sandia.gov
Listening for work from dispatcher...
Worker attempting to find Pyro dispatcher object...
Dispatcher Object URI:PYRO://134.253.194.1:7766/86fdc201d9bf2170774f36477b8b66e83b
Connection to dispatch server established after 1 attempts and  0.00 seconds - this is worker: Worker_55747@snotra.sandia.gov
Listening for work from dispatcher...
Worker attempting to find Pyro dispatcher object...
Dispatcher Object URI:PYRO://134.253.194.1:7766/86fdc201d9bf2170774f36477b8b66e83b
Connection to dispatch server established after 1 attempts and  0.00 seconds - this is worker: Worker_55752@snotra.sandia.gov
Listening for work from dispatcher...
Worker attempting to find Pyro dispatcher object...
Dispatcher Object URI:PYRO://134.253.194.1:7766/86fdc201d9bf2170774f36477b8b66e83b
Connection to dispatch server established after 1 attempts and  0.00 seconds - this is worker: Worker_55751@snotra.sandia.gov
Listening for work from dispatcher...
Worker attempting to find Pyro dispatcher object...
Dispatcher Object URI:PYRO://134.253.194.1:7766/86fdc201d9bf2170774f36477b8b66e83b
Connection to dispatch server established after 1 attempts and  0.00 seconds - this is worker: Worker_55745@snotra.sandia.gov
Listening for work from dispatcher...
Worker attempting to find Pyro dispatcher object...
Dispatcher Object URI:PYRO://134.253.194.1:7766/86fdc201d9bf2170774f36477b8b66e83b
Connection to dispatch server established after 1 attempts and  0.00 seconds - this is worker: Worker_55748@snotra.sandia.gov
Listening for work from dispatcher...
Worker attempting to find Pyro dispatcher object...
Dispatcher Object URI:PYRO://134.253.194.1:7766/86fdc201d9bf2170774f36477b8b66e83b
Connection to dispatch server established after 1 attempts and  0.00 seconds - this is worker: Worker_55744@snotra.sandia.gov
Listening for work from dispatcher...
Worker attempting to find Pyro dispatcher object...
Dispatcher Object URI:PYRO://134.253.194.1:7766/86fdc201d9bf2170774f36477b8b66e83b
Connection to dispatch server established after 1 attempts and  0.00 seconds - this is worker: Worker_55746@snotra.sandia.gov
Listening for work from dispatcher...
Worker attempting to find Pyro dispatcher object...
Dispatcher Object URI:PYRO://134.253.194.1:7766/86fdc201d9bf2170774f36477b8b66e83b
Connection to dispatch server established after 1 attempts and  0.00 seconds - this is worker: Worker_55749@snotra.sandia.gov
Listening for work from dispatcher...
Worker attempting to find Pyro dispatcher object...
Dispatcher Object URI:PYRO://134.253.194.1:7766/86fdc201d9bf2170774f36477b8b66e83b
Connection to dispatch server established after 1 attempts and  0.00 seconds - this is worker: Worker_55750@snotra.sandia.gov
Listening for work from dispatcher...
Client attempting to find Pyro dispatcher object...
Dispatcher Object URI: PYRO://134.253.194.1:7766/86fdc201d9bf2170774f36477b8b66e83b
Connection to dispatch server established after 1 attempts and  0.00 seconds - this is client: 55754@snotra.sandia.gov
Trying to import module=/home/hudson/slave/workspace/Pyomo_trunk_python2.7_snotra_parallel/src/pyomo/examples/pysp/networkflow/config/aggregategetter.py
Module successfully loaded
Trying to import module=/home/hudson/slave/workspace/Pyomo_trunk_python2.7_snotra_parallel/src/pyomo/examples/pysp/networkflow/config/rhosettermixed.py
Module successfully loaded
Trying to import module=/home/hudson/slave/workspace/Pyomo_trunk_python2.7_snotra_parallel/src/pyomo/examples/pysp/networkflow/config/xboundsetter.py
Module successfully loaded
Initializing PH

Transmitting user aggregate callback invocations to phsolverservers
Broadcasting final aggregate data to phsolverservers
Transmitting user rho callback invocations to phsolverservers
Transmitting user bound callback invocations to phsolverservers
WW PH Extension: Loading user-specified configuration from file=/home/hudson/slave/workspace/Pyomo_trunk_python2.7_snotra_parallel/src/pyomo/examples/pysp/networkflow/config/wwph-aggressivefixing.cfg
WW PH Extension: Loading variable suffixes from file=/home/hudson/slave/workspace/Pyomo_trunk_python2.7_snotra_parallel/src/pyomo/examples/pysp/networkflow/config/wwph.suffixes
Starting PH

Initiating PH iteration=0
Number of discrete variables fixed=0 (total=30)
Number of continuous variables fixed=0 (total=30)
First stage cost avg= 114953.9940 Max-Min=32195.68
Converger=           term-diff value is     206.2356 - threshold reached=False
Cumulative run-time=2.63 seconds

Initiating PH iteration=1
WW PH Extension: Setting mipgap to 0.1000000, as specified in the configuration file
WW PH Extension: Analyzing variables for fixing
Number of discrete variables fixed=0 (total=30)
Number of continuous variables fixed=0 (total=30)
First stage cost avg= 119968.4654 Max-Min=27904.00
Converger=           term-diff value is     163.1958 - threshold reached=False
Cumulative run-time=3.85 seconds

Initiating PH iteration=2
WW PH Extension: Setting mipgap to 0.0791506, based on current value of the convergence metric
WW PH Extension: Analyzing variables for fixing
Number of discrete variables fixed=12 (total=30)
Number of continuous variables fixed=0 (total=30)
First stage cost avg= 118686.7660 Max-Min=24440.37
Converger=           term-diff value is     119.1407 - threshold reached=False
Cumulative run-time=5.05 seconds

Initiating PH iteration=3
WW PH Extension: Setting mipgap to 0.0578094, based on current value of the convergence metric
WW PH Extension: Analyzing variables for fixing
Number of discrete variables fixed=14 (total=30)
Number of continuous variables fixed=0 (total=30)
First stage cost avg= 117944.8925 Max-Min=25390.84
Converger=           term-diff value is      84.4551 - threshold reached=False
Cumulative run-time=6.06 seconds

Initiating PH iteration=4
WW PH Extension: Setting mipgap to 0.0410070, based on current value of the convergence metric
WW PH Extension: Analyzing variables for fixing
Number of discrete variables fixed=16 (total=30)
Number of continuous variables fixed=0 (total=30)
First stage cost avg= 118069.8387 Max-Min=20178.96
Converger=           term-diff value is      46.3839 - threshold reached=False
Cumulative run-time=7.05 seconds

Initiating PH iteration=5
WW PH Extension: Setting mipgap to 0.0225645, based on current value of the convergence metric
WW PH Extension: Analyzing variables for fixing
Number of discrete variables fixed=18 (total=30)
Number of continuous variables fixed=0 (total=30)
First stage cost avg= 119700.6160 Max-Min=16593.05
Converger=           term-diff value is      39.0249 - threshold reached=False
Cumulative run-time=7.99 seconds

Initiating PH iteration=6
WW PH Extension: Setting mipgap to 0.0189996, based on current value of the convergence metric
WW PH Extension: Analyzing variables for fixing
Number of discrete variables fixed=28 (total=30)
Number of continuous variables fixed=0 (total=30)
First stage cost avg= 121094.0495 Max-Min=16159.42
Converger=           term-diff value is      38.1694 - threshold reached=False
Cumulative run-time=8.67 seconds

Initiating PH iteration=7
WW PH Extension: Setting mipgap to 0.0185852, based on current value of the convergence metric
WW PH Extension: Analyzing variables for fixing
Number of discrete variables fixed=28 (total=30)
Number of continuous variables fixed=0 (total=30)
First stage cost avg= 121718.9156 Max-Min=13696.51
Converger=           term-diff value is      30.3253 - threshold reached=False
Cumulative run-time=9.35 seconds

Initiating PH iteration=8
WW PH Extension: Setting mipgap to 0.0147854, based on current value of the convergence metric
WW PH Extension: Analyzing variables for fixing
Number of discrete variables fixed=28 (total=30)
Number of continuous variables fixed=0 (total=30)
First stage cost avg= 122121.8686 Max-Min=13247.59
Converger=           term-diff value is      31.9095 - threshold reached=False
Cumulative run-time=10.04 seconds

Initiating PH iteration=9
WW PH Extension: Setting mipgap to 0.0155528, based on current value of the convergence metric
WW PH Extension: Analyzing variables for fixing
Number of discrete variables fixed=28 (total=30)
Number of continuous variables fixed=0 (total=30)
First stage cost avg= 122747.0747 Max-Min=12720.54
Converger=           term-diff value is      24.8557 - threshold reached=False
Cumulative run-time=10.71 seconds

Initiating PH iteration=10
WW PH Extension: Setting mipgap to 0.0121358, based on current value of the convergence metric
WW PH Extension: Analyzing variables for fixing
Number of discrete variables fixed=28 (total=30)
Number of continuous variables fixed=0 (total=30)
First stage cost avg= 123650.6606 Max-Min=10812.80
Converger=           term-diff value is      25.3897 - threshold reached=False
Cumulative run-time=11.33 seconds
Halting PH - reached maximal iteration count=10

Number of discrete variables fixed before final plugin calls=28 (total=30)
Number of continuous variables fixed before final plugin calls=0 (total=30)
PH complete

Convergence history:
Converger=           term-diff
Iteration    Metric Value
     0           206.2356
     1           163.1958
     2           119.1407
     3            84.4551
     4            46.3839
     5            39.0249
     6            38.1694
     7            30.3253
     8            31.9095
     9            24.8557
    10            25.3897


Final number of discrete variables fixed=28 (total=30)
Final number of continuous variables fixed=0 (total=30)

Computing objective inner bound at xhat solution
At least one sub-problem solve time was undefined - skipping timing statistics
 ** At least one sub-problem failed to solve! ** 
 Failed sub-problems:
   Scenario1
   Scenario5
   Scenario7
   Scenario9

Failed to compute bound at xhat due to one or more solve failures

Scenario tree variable values:

   Stage: FirstStage
          (Scenarios: Scenario1  Scenario2  Scenario3  Scenario4  Scenario5  Scenario6  Scenario7  Scenario8  Scenario9  Scenario10  )
      Variable: b0
         Index: [A,B]	Values:        1.0000      1.0000      1.0000      1.0000      1.0000      1.0000      1.0000      1.0000      1.0000      1.0000    Max-Min:        0.0000    Avg:        1.0000

         Index: [B,A]	Values:        1.0000      1.0000      1.0000      1.0000      1.0000      1.0000      1.0000      1.0000      1.0000      1.0000    Max-Min:        0.0000    Avg:        1.0000

         Index: [B,C]	Values:        1.0000      1.0000      1.0000      1.0000      1.0000      1.0000      1.0000      1.0000      1.0000      1.0000    Max-Min:        0.0000    Avg:        1.0000

         Index: [B,E]	Values:        1.0000      1.0000      1.0000      1.0000      1.0000      1.0000      1.0000      1.0000      1.0000      1.0000    Max-Min:        0.0000    Avg:        1.0000

         Index: [C,B]	Values:        1.0000      1.0000      1.0000      1.0000      1.0000      1.0000      1.0000      1.0000      1.0000      1.0000    Max-Min:        0.0000    Avg:        1.0000

         Index: [C,D]	Values:        1.0000      0.0000      0.0000      0.0000      0.0000      0.0000      0.0000      0.0000      0.0000      0.0000    Max-Min:        1.0000    Avg:        0.1000

         Index: [D,C]	Values:        1.0000      0.0000      0.0000      0.0000      0.0000      0.0000      0.0000      0.0000      0.0000      0.0000    Max-Min:        1.0000    Avg:        0.1000

         Index: [D,E]	Values:        1.0000      1.0000      1.0000      1.0000      1.0000      1.0000      1.0000      1.0000      1.0000      1.0000    Max-Min:        0.0000    Avg:        1.0000

         Index: [E,B]	Values:        1.0000      1.0000      1.0000      1.0000      1.0000      1.0000      1.0000      1.0000      1.0000      1.0000    Max-Min:        0.0000    Avg:        1.0000

         Index: [E,D]	Values:        1.0000      1.0000      1.0000      1.0000      1.0000      1.0000      1.0000      1.0000      1.0000      1.0000    Max-Min:        0.0000    Avg:        1.0000

         Index: [E,F]	Values:        1.0000      1.0000      1.0000      1.0000      1.0000      1.0000      1.0000      1.0000      1.0000      1.0000    Max-Min:        0.0000    Avg:        1.0000

         Index: [F,E]	Values:        1.0000      1.0000      1.0000      1.0000      1.0000      1.0000      1.0000      1.0000      1.0000      1.0000    Max-Min:        0.0000    Avg:        1.0000

         Index: [F,G]	Values:        1.0000      1.0000      1.0000      1.0000      1.0000      1.0000      1.0000      1.0000      1.0000      1.0000    Max-Min:        0.0000    Avg:        1.0000

         Index: [F,H]	Values:        1.0000      1.0000      1.0000      1.0000      1.0000      1.0000      1.0000      1.0000      1.0000      1.0000    Max-Min:        0.0000    Avg:        1.0000

         Index: [G,F]	Values:        1.0000      1.0000      1.0000      1.0000      1.0000      1.0000      1.0000      1.0000      1.0000      1.0000    Max-Min:        0.0000    Avg:        1.0000

         Index: [G,I]	Values:        1.0000      1.0000      1.0000      1.0000      1.0000      1.0000      1.0000      1.0000      1.0000      1.0000    Max-Min:        0.0000    Avg:        1.0000

         Index: [G,J]	Values:        1.0000      1.0000      1.0000      1.0000      1.0000      1.0000      1.0000      1.0000      1.0000      1.0000    Max-Min:        0.0000    Avg:        1.0000

         Index: [H,F]	Values:        1.0000      1.0000      1.0000      1.0000      1.0000      1.0000      1.0000      1.0000      1.0000      1.0000    Max-Min:        0.0000    Avg:        1.0000

         Index: [I,G]	Values:        1.0000      1.0000      1.0000      1.0000      1.0000      1.0000      1.0000      1.0000      1.0000      1.0000    Max-Min:        0.0000    Avg:        1.0000

         Index: [J,G]	Values:        1.0000      1.0000      1.0000      1.0000      1.0000      1.0000      1.0000      1.0000      1.0000      1.0000    Max-Min:        0.0000    Avg:        1.0000

          (Scenarios: Scenario1  Scenario2  Scenario3  Scenario4  Scenario5  Scenario6  Scenario7  Scenario8  Scenario9  Scenario10  )
      Variable: x
         Index: [A,B]	Values:       34.7300     31.0493     31.0493     31.0493     32.0100     31.0493     30.2400     31.0493     32.1100     31.0493    Max-Min:        4.4900    Avg:       31.5386

         Index: [B,A]	Values:       34.7300     31.0493     31.0493     31.0493     32.0100     31.0493     30.2400     31.0493     32.1100     31.0493    Max-Min:        4.4900    Avg:       31.5386

         Index: [B,C]	Values:       30.5788     29.9400     29.9400     29.9400     31.3200     29.9400     30.5788     29.9400     30.7900     29.9400    Max-Min:        2.9100    Avg:       30.2034

         Index: [B,E]	Values:       68.1325     73.4306     73.4306     73.4306     75.6700     73.4306     73.4306     73.4306     72.6300     73.4306    Max-Min:        7.5375    Avg:       73.0447

         Index: [C,B]	Values:       30.5788     29.9400     29.9400     29.9400     31.3200     29.9400     30.5788     29.9400     30.7900     29.9400    Max-Min:        2.9100    Avg:       30.2034

         Index: [C,D]	Values:       14.6075      0.0000      0.0000      0.0000      0.0000      0.0000      0.0000      0.0000      0.0000      0.0000    Max-Min:       14.6075    Avg:        1.4607

         Index: [D,C]	Values:       14.6075      0.0000      0.0000      0.0000      0.0000      0.0000      0.0000      0.0000      0.0000      0.0000    Max-Min:       14.6075    Avg:        1.4607

         Index: [D,E]	Values:       32.7212     28.7200     28.7200     28.7200     32.6900     28.7200     29.0200     28.7200     30.9700     28.7200    Max-Min:        5.0712    Avg:       30.0274

         Index: [E,B]	Values:       68.1325     73.4306     73.4306     73.4306     75.6700     73.4306     73.4306     73.4306     72.6300     73.4306    Max-Min:        7.5375    Avg:       73.0447

         Index: [E,D]	Values:       32.7212     28.7200     28.7200     28.7200     32.6900     28.7200     29.0200     28.7200     30.9700     28.7200    Max-Min:        5.0712    Avg:       30.0274

         Index: [E,F]	Values:       97.0800     97.0597     97.0597     97.0597     90.3500     97.0597     94.2310     97.0597     94.2310     97.0597    Max-Min:        6.7300    Avg:       94.4107

         Index: [F,E]	Values:       97.0800     97.0597     97.0597     97.0597     90.3500     97.0597     94.2310     97.0597     94.2310     97.0597    Max-Min:        6.7300    Avg:       94.4107

         Index: [F,G]	Values:       80.1400     77.0972     77.0972     77.0972     76.2500     77.0972     77.0972     77.0972     72.8500     77.0972    Max-Min:        9.2176    Avg:       77.8861

         Index: [F,H]	Values:       34.5200     30.7244     30.7244     30.7244     31.9400     30.7244     30.7244     30.7244     31.4900     30.7244    Max-Min:        3.7956    Avg:       31.3021

         Index: [G,F]	Values:       80.1400     77.0972     77.0972     77.0972     76.2500     77.0972     77.0972     77.0972     72.8500     77.0972    Max-Min:        9.2176    Avg:       77.8861

         Index: [G,I]	Values:       32.9000     29.2000     29.2000     29.2000     33.0200     29.2000     29.1800     29.2000     30.8400     29.2000    Max-Min:        4.2700    Avg:       30.5767

         Index: [G,J]	Values:       35.4800     29.5800     29.5800     29.5800     32.6900     29.5800     31.5154     29.5800     30.7700     29.5800    Max-Min:        5.9000    Avg:       31.7612

         Index: [H,F]	Values:       34.5200     30.7244     30.7244     30.7244     31.9400     30.7244     30.7244     30.7244     31.4900     30.7244    Max-Min:        3.7956    Avg:       31.3021

         Index: [I,G]	Values:       32.9000     29.2000     29.2000     29.2000     33.0200     29.2000     29.1800     29.2000     30.8400     29.2000    Max-Min:        4.2700    Avg:       30.5767

         Index: [J,G]	Values:       35.4800     29.5800     29.5800     29.5800     32.6900     29.5800     31.5154     29.5800     30.7700     29.5800    Max-Min:        5.9000    Avg:       31.7612

      Cost Variable: FirstStageCost
         Tree Node: RootNode      (Scenarios:  Scenario1 Scenario2 Scenario3 Scenario4 Scenario5 Scenario6 Scenario7 Scenario8 Scenario9 Scenario10 )
         Values:   132183.2756 122093.8430 122093.8430 122093.8430 124478.4400 122093.8430 122002.7487 122093.8430 122150.6304 122093.8430    Max-Min:    10180.5269   Avg:   123337.8153

Total PH execution time=12.20 seconds



Shutting down Pyro solver components.
Dispatcher received request to shut down - initiating...
Lost connection to dispatch server - shutting down...

Total execution time=16.79 seconds
Lost connection to dispatch server - shutting down...
Lost connection to dispatch server - shutting down...
Lost connection to dispatch server - shutting down...
Lost connection to dispatch server - shutting down...
Lost connection to dispatch server - shutting down...
Lost connection to dispatch server - shutting down...
Lost connection to dispatch server - shutting down...
Lost connection to dispatch server - shutting down...
Lost connection to dispatch server - shutting down...
