*** Pyro Name Server ***
Name server listening on: ('0.0.0.0', 9090)
Broadcast server listening on: ('255.255.255.255', 9090)
URI is: PYRO://134.253.194.1:9090/86fdc20163c02114bc6e729eedef3c6219
URI written to: /home/hudson/slave/workspace/Pyomo_trunk_python2.7_snotra_parallel/src/pyomo/pyomo/gdp/tests/Pyro_NS_URI
Name Server started.
Dispatcher is ready.
Attempting to find Pyro dispatcher object...
Dispatcher Object URI:PYRO://134.253.194.1:7766/86fdc20163c12114bc6e763f9260d8f5e4
This is worker Worker_25542@snotra.sandia.gov
Listening for work from dispatcher...
Attempting to find Pyro dispatcher object...
Dispatcher Object URI:PYRO://134.253.194.1:7766/86fdc20163c12114bc6e763f9260d8f5e4
This is worker Worker_25538@snotra.sandia.gov
Listening for work from dispatcher...
Attempting to find Pyro dispatcher object...
Dispatcher Object URI:PYRO://134.253.194.1:7766/86fdc20163c12114bc6e763f9260d8f5e4
This is worker Worker_25540@snotra.sandia.gov
Listening for work from dispatcher...
Attempting to find Pyro dispatcher object...
Attempting to find Pyro dispatcher object...
Dispatcher Object URI:PYRO://134.253.194.1:7766/86fdc20163c12114bc6e763f9260d8f5e4
This is worker Worker_25541@snotra.sandia.gov
Listening for work from dispatcher...
Dispatcher Object URI:PYRO://134.253.194.1:7766/86fdc20163c12114bc6e763f9260d8f5e4
This is worker Worker_25539@snotra.sandia.gov
Listening for work from dispatcher...
Attempting to find Pyro dispatcher object...
Dispatcher Object URI: PYRO://134.253.194.1:7766/86fdc20163c12114bc6e763f9260d8f5e4
This is client 25543@snotra.sandia.gov
Trying to import module=/home/hudson/slave/workspace/Pyomo_trunk_python2.7_snotra_parallel/src/pyomo/examples/pysp/networkflow/config/aggregategetter.py
Module successfully loaded
Trying to import module=/home/hudson/slave/workspace/Pyomo_trunk_python2.7_snotra_parallel/src/pyomo/examples/pysp/networkflow/config/rhosettermixed.py
Module successfully loaded
Trying to import module=/home/hudson/slave/workspace/Pyomo_trunk_python2.7_snotra_parallel/src/pyomo/examples/pysp/networkflow/config/xboundsetter.py
Module successfully loaded
Initializing PH

Transmitting user aggregate callback invocations to phsolverservers
Broadcasting final aggregate data to phsolverservers
Transmitting user rho callback invocations to phsolverservers
Transmitting user bound callback invocations to phsolverservers
WW PH Extension: Loading user-specified configuration from file=/home/hudson/slave/workspace/Pyomo_trunk_python2.7_snotra_parallel/src/pyomo/examples/pysp/networkflow/config/wwph-aggressivefixing.cfg
WW PH Extension: Loading variable suffixes from file=/home/hudson/slave/workspace/Pyomo_trunk_python2.7_snotra_parallel/src/pyomo/examples/pysp/networkflow/config/wwph.suffixes
Starting PH

Initiating PH iteration=0
Number of discrete variables fixed=0 (total=30)
Number of continuous variables fixed=0 (total=30)
Convergence metric=    228.6928  First stage cost avg= 120970.4440  Max-Min=18660.78
Cumulative run-time=88.72 seconds

Initiating PH iteration=1
WW PH Extension: Setting mipgap to 0.1000000, as specified in the configuration file
WW PH Extension: Analyzing variables for fixing
Number of discrete variables fixed=0 (total=30)
Number of continuous variables fixed=0 (total=30)
Convergence metric=    179.7791  First stage cost avg= 123516.8876  Max-Min=20027.72
Cumulative run-time=94.29 seconds

Initiating PH iteration=2
WW PH Extension: Setting mipgap to 0.0786321, based on current value of the convergence metric
WW PH Extension: Analyzing variables for fixing
Number of discrete variables fixed=16 (total=30)
Number of continuous variables fixed=0 (total=30)
Convergence metric=     81.2482  First stage cost avg= 124272.5683  Max-Min=15424.55
Cumulative run-time=97.96 seconds

Initiating PH iteration=3
WW PH Extension: Setting mipgap to 0.0355889, based on current value of the convergence metric
WW PH Extension: Analyzing variables for fixing
Number of discrete variables fixed=20 (total=30)
Number of continuous variables fixed=0 (total=30)
Convergence metric=     89.7615  First stage cost avg= 124749.4261  Max-Min=13654.65
Cumulative run-time=117.14 seconds

Initiating PH iteration=4
WW PH Extension: Setting mipgap to 0.0393079, based on current value of the convergence metric
WW PH Extension: Analyzing variables for fixing
Number of discrete variables fixed=22 (total=30)
Number of continuous variables fixed=0 (total=30)
Convergence metric=     62.6813  First stage cost avg= 123173.7576  Max-Min=16333.61
Cumulative run-time=121.95 seconds

Initiating PH iteration=5
WW PH Extension: Setting mipgap to 0.0274779, based on current value of the convergence metric
WW PH Extension: Analyzing variables for fixing
Number of discrete variables fixed=22 (total=30)
Number of continuous variables fixed=0 (total=30)
Convergence metric=     48.4790  First stage cost avg= 124562.2037  Max-Min=10917.66
Cumulative run-time=126.00 seconds

Initiating PH iteration=6
WW PH Extension: Setting mipgap to 0.0212737, based on current value of the convergence metric
WW PH Extension: Analyzing variables for fixing
Number of discrete variables fixed=26 (total=30)
Number of continuous variables fixed=0 (total=30)
Convergence metric=     41.2491  First stage cost avg= 125071.8955  Max-Min=10077.21
Cumulative run-time=128.60 seconds

Initiating PH iteration=7
WW PH Extension: Setting mipgap to 0.0181153, based on current value of the convergence metric
WW PH Extension: Analyzing variables for fixing
Number of discrete variables fixed=28 (total=30)
Number of continuous variables fixed=0 (total=30)
Convergence metric=     27.5916  First stage cost avg= 125971.7668  Max-Min= 8933.37
Cumulative run-time=141.06 seconds

Initiating PH iteration=8
WW PH Extension: Setting mipgap to 0.0121490, based on current value of the convergence metric
WW PH Extension: Analyzing variables for fixing
Number of discrete variables fixed=28 (total=30)
Number of continuous variables fixed=0 (total=30)
Convergence metric=     24.7566  First stage cost avg= 127664.9960  Max-Min= 7869.53
Cumulative run-time=153.32 seconds

Initiating PH iteration=9
WW PH Extension: Setting mipgap to 0.0109105, based on current value of the convergence metric
WW PH Extension: Analyzing variables for fixing
Number of discrete variables fixed=30 (total=30)
Number of continuous variables fixed=0 (total=30)
Convergence metric=     20.4117  First stage cost avg= 128229.3231  Max-Min= 6624.54
Cumulative run-time=154.41 seconds

Initiating PH iteration=10
WW PH Extension: Setting mipgap to 0.0090125, based on current value of the convergence metric
WW PH Extension: Analyzing variables for fixing
Number of discrete variables fixed=30 (total=30)
Number of continuous variables fixed=0 (total=30)
Convergence metric=     18.8286  First stage cost avg= 128733.6823  Max-Min= 6479.48
Cumulative run-time=155.45 seconds
Halting PH - reached maximal iteration count=10
Number of discrete variables fixed before final plugin calls=30 (total=30)
Number of continuous variables fixed before final plugin calls=0 (total=30)
PH complete
Convergence history:
Iteration    Metric Value
     0           228.6928
     1           179.7791
     2            81.2482
     3            89.7615
     4            62.6813
     5            48.4790
     6            41.2491
     7            27.5916
     8            24.7566
     9            20.4117
    10            18.8286

***********************************************************************************************
>>>THE EXPECTED SUM OF THE STAGE COST VARIABLES=153513.16<<<
>>>***CAUTION***: Assumes full (or nearly so) convergence of scenario solutions at each node in the scenario tree - computed costs are invalid otherwise<<<
***********************************************************************************************
Final number of discrete variables fixed=30 (total=30)
Final number of continuous variables fixed=0 (total=30)
Final variable values:
   Stage: FirstStage
          (Scenarios: Scenario1  Scenario2  Scenario3  Scenario4  Scenario5  Scenario6  Scenario7  Scenario8  Scenario9  Scenario10  )
      Variable: b0
         Index: [A,B]	Values:        1.0000      1.0000      1.0000      1.0000      1.0000      1.0000      1.0000      1.0000      1.0000      1.0000    Max-Min:        0.0000    Avg:        1.0000

         Index: [B,A]	Values:        1.0000      1.0000      1.0000      1.0000      1.0000      1.0000      1.0000      1.0000      1.0000      1.0000    Max-Min:        0.0000    Avg:        1.0000

         Index: [B,C]	Values:        1.0000      1.0000      1.0000      1.0000      1.0000      1.0000      1.0000      1.0000      1.0000      1.0000    Max-Min:        0.0000    Avg:        1.0000

         Index: [B,E]	Values:        1.0000      1.0000      1.0000      1.0000      1.0000      1.0000      1.0000      1.0000      1.0000      1.0000    Max-Min:        0.0000    Avg:        1.0000

         Index: [C,B]	Values:        1.0000      1.0000      1.0000      1.0000      1.0000      1.0000      1.0000      1.0000      1.0000      1.0000    Max-Min:        0.0000    Avg:        1.0000

         Index: [D,E]	Values:        1.0000      1.0000      1.0000      1.0000      1.0000      1.0000      1.0000      1.0000      1.0000      1.0000    Max-Min:        0.0000    Avg:        1.0000

         Index: [E,B]	Values:        1.0000      1.0000      1.0000      1.0000      1.0000      1.0000      1.0000      1.0000      1.0000      1.0000    Max-Min:        0.0000    Avg:        1.0000

         Index: [E,D]	Values:        1.0000      1.0000      1.0000      1.0000      1.0000      1.0000      1.0000      1.0000      1.0000      1.0000    Max-Min:        0.0000    Avg:        1.0000

         Index: [E,F]	Values:        1.0000      1.0000      1.0000      1.0000      1.0000      1.0000      1.0000      1.0000      1.0000      1.0000    Max-Min:        0.0000    Avg:        1.0000

         Index: [F,E]	Values:        1.0000      1.0000      1.0000      1.0000      1.0000      1.0000      1.0000      1.0000      1.0000      1.0000    Max-Min:        0.0000    Avg:        1.0000

         Index: [F,G]	Values:        1.0000      1.0000      1.0000      1.0000      1.0000      1.0000      1.0000      1.0000      1.0000      1.0000    Max-Min:        0.0000    Avg:        1.0000

         Index: [F,H]	Values:        1.0000      1.0000      1.0000      1.0000      1.0000      1.0000      1.0000      1.0000      1.0000      1.0000    Max-Min:        0.0000    Avg:        1.0000

         Index: [G,F]	Values:        1.0000      1.0000      1.0000      1.0000      1.0000      1.0000      1.0000      1.0000      1.0000      1.0000    Max-Min:        0.0000    Avg:        1.0000

         Index: [G,I]	Values:        1.0000      1.0000      1.0000      1.0000      1.0000      1.0000      1.0000      1.0000      1.0000      1.0000    Max-Min:        0.0000    Avg:        1.0000

         Index: [G,J]	Values:        1.0000      1.0000      1.0000      1.0000      1.0000      1.0000      1.0000      1.0000      1.0000      1.0000    Max-Min:        0.0000    Avg:        1.0000

         Index: [H,F]	Values:        1.0000      1.0000      1.0000      1.0000      1.0000      1.0000      1.0000      1.0000      1.0000      1.0000    Max-Min:        0.0000    Avg:        1.0000

         Index: [I,G]	Values:        1.0000      1.0000      1.0000      1.0000      1.0000      1.0000      1.0000      1.0000      1.0000      1.0000    Max-Min:        0.0000    Avg:        1.0000

         Index: [J,G]	Values:        1.0000      1.0000      1.0000      1.0000      1.0000      1.0000      1.0000      1.0000      1.0000      1.0000    Max-Min:        0.0000    Avg:        1.0000

          (Scenarios: Scenario1  Scenario2  Scenario3  Scenario4  Scenario5  Scenario6  Scenario7  Scenario8  Scenario9  Scenario10  )
      Variable: x
         Index: [A,B]	Values:       34.7300     34.7300     32.9325     32.9325     32.0100     32.0100     32.9325     32.9325     32.1100     32.1100    Max-Min:        2.7200    Avg:       32.9430

         Index: [B,A]	Values:       34.7300     34.7300     32.9325     32.9325     32.0100     32.0100     32.9325     32.9325     32.1100     32.1100    Max-Min:        2.7200    Avg:       32.9430

         Index: [B,C]	Values:       36.5300     36.5300     32.7205     32.7205     31.3200     31.3200     32.7205     32.7205     32.7205     32.7205    Max-Min:        5.2100    Avg:       33.2023

         Index: [B,E]	Values:       82.7400     82.7400     80.2775     80.2775     75.6700     75.6700     84.8503     84.8503     80.2775     80.2775    Max-Min:        9.1803    Avg:       80.7631

         Index: [C,B]	Values:       36.5300     36.5300     32.7205     32.7205     31.3200     31.3200     32.7205     32.7205     32.7205     32.7205    Max-Min:        5.2100    Avg:       33.2023

         Index: [D,E]	Values:       35.3500     35.3500     32.8580     32.8580     32.6900     32.6900     32.8580     32.8580     30.9700     30.9700    Max-Min:        4.3800    Avg:       32.9452

         Index: [E,B]	Values:       82.7400     82.7400     80.2775     80.2775     75.6700     75.6700     84.8503     84.8503     80.2775     80.2775    Max-Min:        9.1803    Avg:       80.7631

         Index: [E,D]	Values:       35.3500     35.3500     32.8580     32.8580     32.6900     32.6900     32.8580     32.8580     30.9700     30.9700    Max-Min:        4.3800    Avg:       32.9452

         Index: [E,F]	Values:       97.0800     97.0800     97.0329     97.0329     97.0329     97.0329     97.0329     97.0329     99.5113     99.5113    Max-Min:        2.4784    Avg:       97.5380

         Index: [F,E]	Values:       97.0800     97.0800     97.0329     97.0329     97.0329     97.0329     97.0329     97.0329     99.5113     99.5113    Max-Min:        2.4784    Avg:       97.5380

         Index: [F,G]	Values:       80.1400     80.1400     78.7679     78.7679     76.2500     76.2500     78.7679     78.7679     78.7679     78.7679    Max-Min:        3.8900    Avg:       78.5387

         Index: [F,H]	Values:       34.5200     34.5200     32.5764     32.5764     31.9400     31.9400     32.5764     32.5764     31.4900     31.4900    Max-Min:        3.0300    Avg:       32.6206

         Index: [G,F]	Values:       80.1400     80.1400     78.7679     78.7679     76.2500     76.2500     78.7679     78.7679     78.7679     78.7679    Max-Min:        3.8900    Avg:       78.5387

         Index: [G,I]	Values:       32.9000     32.9000     31.8678     31.8678     33.0200     33.0200     31.8678     31.8678     30.8400     30.8400    Max-Min:        2.1800    Avg:       32.0991

         Index: [G,J]	Values:       35.4800     35.4800     32.9618     32.9618     32.6900     32.6900     32.9618     32.9618     32.9618     32.9618    Max-Min:        2.7900    Avg:       33.4111

         Index: [H,F]	Values:       34.5200     34.5200     32.5764     32.5764     31.9400     31.9400     32.5764     32.5764     31.4900     31.4900    Max-Min:        3.0300    Avg:       32.6206

         Index: [I,G]	Values:       32.9000     32.9000     31.8678     31.8678     33.0200     33.0200     31.8678     31.8678     30.8400     30.8400    Max-Min:        2.1800    Avg:       32.0991

         Index: [J,G]	Values:       35.4800     35.4800     32.9618     32.9618     32.6900     32.6900     32.9618     32.9618     32.9618     32.9618    Max-Min:        2.7900    Avg:       33.4111

      Cost Variable: FirstStageCost
         Tree Node: RootNode      (Scenarios:  Scenario1 Scenario2 Scenario3 Scenario4 Scenario5 Scenario6 Scenario7 Scenario8 Scenario9 Scenario10 )
         Values:   132428.1600 132428.1600 128229.3231 128229.3231 125948.6792 125948.6792 129418.2530 129418.2530 127643.9961 127643.9961    Max-Min:     6479.4808   Avg:   128733.6823
Final costs:
Scenario Tree Costs
***CAUTION***: Assumes full (or nearly so) convergence of scenario solutions at each node in the scenario tree - computed costs are invalid otherwise
----------------------------------------------------
Tree Nodes:

	Name=RootNode
	Stage=FirstStage
	Parent=None
	Conditional probability=1.0000
	Children:
		Scenario10Node
		Scenario1Node
		Scenario2Node
		Scenario3Node
		Scenario4Node
		Scenario5Node
		Scenario6Node
		Scenario7Node
		Scenario8Node
		Scenario9Node
	Scenarios:
		Scenario1
		Scenario10
		Scenario2
		Scenario3
		Scenario4
		Scenario5
		Scenario6
		Scenario7
		Scenario8
		Scenario9
	Expected cost of (sub)tree rooted at node=153513.1600

	Name=Scenario10Node
	Stage=SecondStage
	Parent=RootNode
	Conditional probability=0.1000
	Children:
		None
	Scenarios:
		Scenario10
	Expected cost of (sub)tree rooted at node=20270.0000

	Name=Scenario1Node
	Stage=SecondStage
	Parent=RootNode
	Conditional probability=0.1000
	Children:
		None
	Scenarios:
		Scenario1
	Expected cost of (sub)tree rooted at node=17830.0000

	Name=Scenario2Node
	Stage=SecondStage
	Parent=RootNode
	Conditional probability=0.1000
	Children:
		None
	Scenarios:
		Scenario2
	Expected cost of (sub)tree rooted at node=20140.0000

	Name=Scenario3Node
	Stage=SecondStage
	Parent=RootNode
	Conditional probability=0.1000
	Children:
		None
	Scenarios:
		Scenario3
	Expected cost of (sub)tree rooted at node=21290.0000

	Name=Scenario4Node
	Stage=SecondStage
	Parent=RootNode
	Conditional probability=0.1000
	Children:
		None
	Scenarios:
		Scenario4
	Expected cost of (sub)tree rooted at node=23080.0000

	Name=Scenario5Node
	Stage=SecondStage
	Parent=RootNode
	Conditional probability=0.1000
	Children:
		None
	Scenarios:
		Scenario5
	Expected cost of (sub)tree rooted at node=22870.0000

	Name=Scenario6Node
	Stage=SecondStage
	Parent=RootNode
	Conditional probability=0.1000
	Children:
		None
	Scenarios:
		Scenario6
	Expected cost of (sub)tree rooted at node=22470.0000

	Name=Scenario7Node
	Stage=SecondStage
	Parent=RootNode
	Conditional probability=0.1000
	Children:
		None
	Scenarios:
		Scenario7
	Expected cost of (sub)tree rooted at node=21330.0000

	Name=Scenario8Node
	Stage=SecondStage
	Parent=RootNode
	Conditional probability=0.1000
	Children:
		None
	Scenarios:
		Scenario8
	Expected cost of (sub)tree rooted at node=22730.0000

	Name=Scenario9Node
	Stage=SecondStage
	Parent=RootNode
	Conditional probability=0.1000
	Children:
		None
	Scenarios:
		Scenario9
	Expected cost of (sub)tree rooted at node=18840.0000

----------------------------------------------------
Scenarios:

	Name=Scenario1
	Probability=0.1000
	Leaf Node=Scenario1Node
	Tree node sequence:
		RootNode
		Scenario1Node
	Stage=          FirstStage     Cost=132428.1600
	Stage=         SecondStage     Cost=17830.0000
	Total scenario cost=150258.1600

	Name=Scenario10
	Probability=0.1000
	Leaf Node=Scenario10Node
	Tree node sequence:
		RootNode
		Scenario10Node
	Stage=          FirstStage     Cost=127643.9961
	Stage=         SecondStage     Cost=20270.0000
	Total scenario cost=147913.9961

	Name=Scenario2
	Probability=0.1000
	Leaf Node=Scenario2Node
	Tree node sequence:
		RootNode
		Scenario2Node
	Stage=          FirstStage     Cost=132428.1600
	Stage=         SecondStage     Cost=20140.0000
	Total scenario cost=152568.1600

	Name=Scenario3
	Probability=0.1000
	Leaf Node=Scenario3Node
	Tree node sequence:
		RootNode
		Scenario3Node
	Stage=          FirstStage     Cost=128229.3231
	Stage=         SecondStage     Cost=21290.0000
	Total scenario cost=149519.3231

	Name=Scenario4
	Probability=0.1000
	Leaf Node=Scenario4Node
	Tree node sequence:
		RootNode
		Scenario4Node
	Stage=          FirstStage     Cost=128229.3231
	Stage=         SecondStage     Cost=23080.0000
	Total scenario cost=151309.3231

	Name=Scenario5
	Probability=0.1000
	Leaf Node=Scenario5Node
	Tree node sequence:
		RootNode
		Scenario5Node
	Stage=          FirstStage     Cost=125948.6792
	Stage=         SecondStage     Cost=22870.0000
	Total scenario cost=148818.6792

	Name=Scenario6
	Probability=0.1000
	Leaf Node=Scenario6Node
	Tree node sequence:
		RootNode
		Scenario6Node
	Stage=          FirstStage     Cost=125948.6792
	Stage=         SecondStage     Cost=22470.0000
	Total scenario cost=148418.6792

	Name=Scenario7
	Probability=0.1000
	Leaf Node=Scenario7Node
	Tree node sequence:
		RootNode
		Scenario7Node
	Stage=          FirstStage     Cost=129418.2530
	Stage=         SecondStage     Cost=21330.0000
	Total scenario cost=150748.2530

	Name=Scenario8
	Probability=0.1000
	Leaf Node=Scenario8Node
	Tree node sequence:
		RootNode
		Scenario8Node
	Stage=          FirstStage     Cost=129418.2530
	Stage=         SecondStage     Cost=22730.0000
	Total scenario cost=152148.2530

	Name=Scenario9
	Probability=0.1000
	Leaf Node=Scenario9Node
	Tree node sequence:
		RootNode
		Scenario9Node
	Stage=          FirstStage     Cost=127643.9961
	Stage=         SecondStage     Cost=18840.0000
	Total scenario cost=146483.9961

----------------------------------------------------

Total PH execution time=155.57 seconds



Shutting down Pyro solver components.
Dispatcher received request to shut down - initiating...

Total execution time=161.26 seconds
Name Server gracefully stopped.
Lost connection to dispatch server - shutting down...
Lost connection to dispatch server - shutting down...
Lost connection to dispatch server - shutting down...
Lost connection to dispatch server - shutting down...
Lost connection to dispatch server - shutting down...
