Trying to import module=/home/gahacke/Repos/coopr/src/coopr.pysp/examples/pysp/networkflow/config/rhosettermixed.py
Trying to import module=/home/gahacke/Repos/coopr/src/coopr.pysp/examples/pysp/networkflow/config/xboundsetter.py
Initializing PH

Executing user rho setter callback function
Executing user bound setter callback function
Starting PH

Initiating PH iteration=0
Convergence metric=      0.6629  First stage cost avg= 114953.9940  Max-Min=32195.68

Initiating PH iteration=1
Convergence metric=      0.1815  First stage cost avg= 117602.5586  Max-Min=25401.79

Initiating PH iteration=2
Convergence metric=      0.1744  First stage cost avg= 117449.8441  Max-Min=21875.36

Initiating PH iteration=3
Convergence metric=      0.3423  First stage cost avg= 118978.2158  Max-Min=18274.39

Initiating PH iteration=4
Convergence metric=      0.4773  First stage cost avg= 119118.3469  Max-Min=18709.94

Initiating PH iteration=5
Convergence metric=      0.3837  First stage cost avg= 118706.1671  Max-Min=17997.46

Initiating PH iteration=6
Convergence metric=      0.3824  First stage cost avg= 119544.3929  Max-Min=16795.51

Initiating PH iteration=7
Convergence metric=      0.1429  First stage cost avg= 120528.2961  Max-Min=16337.65

Initiating PH iteration=8
Convergence metric=      0.1420  First stage cost avg= 121493.9672  Max-Min=14296.26

Initiating PH iteration=9
Convergence metric=      0.4943  First stage cost avg= 123203.6230  Max-Min=11664.42

Initiating PH iteration=10
Convergence metric=      0.2668  First stage cost avg= 123063.9430  Max-Min=13463.62
Halting PH - reached maximal iteration count=10
PH complete
Convergence history:
Iteration    Metric Value
     0             0.6629
     1             0.1815
     2             0.1744
     3             0.3423
     4             0.4773
     5             0.3837
     6             0.3824
     7             0.1429
     8             0.1420
     9             0.4943
    10             0.2668

***********************************************************************************************
>>>THE EXPECTED SUM OF THE STAGE COST VARIABLES=155004.166527<<<
>>>***CAUTION***: Assumes full (or nearly so) convergence of scenario solutions at each node in the scenario tree - computed costs are invalid otherwise<<<
***********************************************************************************************
Final number of discrete variables fixed=0 (total=30)
Final number of continuous variables fixed=0 (total=30)
Final variable values:
   Stage: FirstStage
          (Scenarios:  Scenario1   Scenario2   Scenario3   Scenario4   Scenario5   Scenario6   Scenario7   Scenario8   Scenario9   Scenario10   )
      Variable: x
         Index: [A,B] 	Values:       34.7300      29.9118      29.9118      29.9118      32.0100      29.9118      30.2400      29.9118      32.1100      29.9118     Max-Min:       4.8182     Avg:      30.8561 
         Index: [B,A] 	Values:       34.7300      29.9118      29.9118      29.9118      32.0100      29.9118      30.2400      29.9118      32.1100      29.9118     Max-Min:       4.8182     Avg:      30.8561 
         Index: [B,C] 	Values:       24.7615      13.7396      13.7396      23.9200      15.7024       1.9628      17.3889      15.7024      15.7024      13.4215     Max-Min:      22.7987     Avg:      15.6041 
         Index: [B,E] 	Values:       63.8045      57.1514      57.1514      57.1514      56.7345      50.0074      57.1514      57.1514      53.6945      57.1514     Max-Min:      13.7970     Avg:      56.7149 
         Index: [C,B] 	Values:       24.7615      13.7396      13.7396      23.9200      15.7024       1.9628      17.3889      15.7024      15.7024      13.4215     Max-Min:      22.7987     Avg:      15.6041 
         Index: [C,D] 	Values:       18.9355      28.6800      18.9355      14.2016      18.9355      27.6800      11.8347      28.3400      18.9355      18.9355     Max-Min:      16.8453     Avg:      20.5414 
         Index: [D,C] 	Values:       18.9355      28.6800      18.9355      14.2016      18.9355      27.6800      11.8347      28.3400      18.9355      18.9355     Max-Min:      16.8453     Avg:      20.5414 
         Index: [D,E] 	Values:       38.5385      51.0800      38.5385      33.7211      41.0076      50.4700      33.7211      49.4300      39.6176      38.5385     Max-Min:      17.3589     Avg:      41.4663 
         Index: [E,B] 	Values:       63.8045      57.1514      57.1514      57.1514      56.7345      50.0074      57.1514      57.1514      53.6945      57.1514     Max-Min:      13.7970     Avg:      56.7149 
         Index: [E,D] 	Values:       38.5385      51.0800      38.5385      33.7211      41.0076      50.4700      33.7211      49.4300      39.6176      38.5385     Max-Min:      17.3589     Avg:      41.4663 
         Index: [E,F] 	Values:       97.0800      94.2311      94.2311      94.2310      90.3500      94.2311      94.2311      94.2311      94.2311      97.0597     Max-Min:       6.7300     Avg:      94.4107 
         Index: [F,E] 	Values:       97.0800      94.2311      94.2311      94.2310      90.3500      94.2311      94.2311      94.2311      94.2311      97.0597     Max-Min:       6.7300     Avg:      94.4107 
         Index: [F,G] 	Values:       72.2321      72.2321      72.2321      72.2321      76.2500      72.2321      72.2321      72.2321      72.8500      72.2321     Max-Min:       4.0179     Avg:      72.6957 
         Index: [F,H] 	Values:       26.6121      28.7700      28.4800      28.3791      31.9400      27.6300      28.9200      27.4400      31.4900      28.9600     Max-Min:       5.3279     Avg:      28.8621 
         Index: [G,F] 	Values:       72.2321      72.2321      72.2321      72.2321      76.2500      72.2321      72.2321      72.2321      72.8500      72.2321     Max-Min:       4.0179     Avg:      72.6957 
         Index: [G,I] 	Values:       26.1641      28.4000      28.7500      29.2634      33.0200      29.2634      29.1800      29.2634      30.8400      29.2000     Max-Min:       6.8559     Avg:      29.3344 
         Index: [G,J] 	Values:       27.0038      30.8614      30.8614      30.8614      32.6900      30.8614      30.8614      30.8614      30.7700      29.5800     Max-Min:       5.6862     Avg:      30.5212 
         Index: [H,F] 	Values:       26.6121      28.7700      28.4800      28.3791      31.9400      27.6300      28.9200      27.4400      31.4900      28.9600     Max-Min:       5.3279     Avg:      28.8621 
         Index: [H,I] 	Values:        7.9079       0.0000      -0.0000       0.0000       0.0000       0.0000       0.0000       0.0000       0.0000       0.0000     Max-Min:       7.9079     Avg:       0.7908 
         Index: [I,G] 	Values:       26.1641      28.4000      28.7500      29.2634      33.0200      29.2634      29.1800      29.2634      30.8400      29.2000     Max-Min:       6.8559     Avg:      29.3344 
         Index: [I,H] 	Values:        7.9079       0.0000      -0.0000       0.0000       0.0000       0.0000       0.0000       0.0000       0.0000       0.0000     Max-Min:       7.9079     Avg:       0.7908 
         Index: [I,J] 	Values:        8.4762       0.0000       0.0000       0.0000       0.0000       0.0000       0.0000       0.0000       0.0000       0.0000     Max-Min:       8.4762     Avg:       0.8476 
         Index: [J,G] 	Values:       27.0038      30.8614      30.8614      30.8614      32.6900      30.8614      30.8614      30.8614      30.7700      29.5800     Max-Min:       5.6862     Avg:      30.5212 
         Index: [J,I] 	Values:        8.4762       0.0000       0.0000       0.0000       0.0000       0.0000       0.0000       0.0000       0.0000       0.0000     Max-Min:       8.4762     Avg:       0.8476 
          (Scenarios:  Scenario1   Scenario2   Scenario3   Scenario4   Scenario5   Scenario6   Scenario7   Scenario8   Scenario9   Scenario10   )
      Variable: b0
         Index: [A,B] 	Values:        1.0000       1.0000       1.0000       1.0000       1.0000       1.0000       1.0000       1.0000       1.0000       1.0000     Max-Min:       0.0000     Avg:       1.0000 
         Index: [B,A] 	Values:        1.0000       1.0000       1.0000       1.0000       1.0000       1.0000       1.0000       1.0000       1.0000       1.0000     Max-Min:       0.0000     Avg:       1.0000 
         Index: [B,C] 	Values:        1.0000       1.0000       1.0000       1.0000       1.0000       1.0000       1.0000       1.0000       1.0000       1.0000     Max-Min:       0.0000     Avg:       1.0000 
         Index: [B,E] 	Values:        1.0000       1.0000       1.0000       1.0000       1.0000       1.0000       1.0000       1.0000       1.0000       1.0000     Max-Min:       0.0000     Avg:       1.0000 
         Index: [C,B] 	Values:        1.0000       1.0000       1.0000       1.0000       1.0000       1.0000       1.0000       1.0000       1.0000       1.0000     Max-Min:       0.0000     Avg:       1.0000 
         Index: [C,D] 	Values:        1.0000       1.0000       1.0000       1.0000       1.0000       1.0000       1.0000       1.0000       1.0000       1.0000     Max-Min:       0.0000     Avg:       1.0000 
         Index: [D,C] 	Values:        1.0000       1.0000       1.0000       1.0000       1.0000       1.0000       1.0000       1.0000       1.0000       1.0000     Max-Min:       0.0000     Avg:       1.0000 
         Index: [D,E] 	Values:        1.0000       1.0000       1.0000       1.0000       1.0000       1.0000       1.0000       1.0000       1.0000       1.0000     Max-Min:       0.0000     Avg:       1.0000 
         Index: [E,B] 	Values:        1.0000       1.0000       1.0000       1.0000       1.0000       1.0000       1.0000       1.0000       1.0000       1.0000     Max-Min:       0.0000     Avg:       1.0000 
         Index: [E,D] 	Values:        1.0000       1.0000       1.0000       1.0000       1.0000       1.0000       1.0000       1.0000       1.0000       1.0000     Max-Min:       0.0000     Avg:       1.0000 
         Index: [E,F] 	Values:        1.0000       1.0000       1.0000       1.0000       1.0000       1.0000       1.0000       1.0000       1.0000       1.0000     Max-Min:       0.0000     Avg:       1.0000 
         Index: [F,E] 	Values:        1.0000       1.0000       1.0000       1.0000       1.0000       1.0000       1.0000       1.0000       1.0000       1.0000     Max-Min:       0.0000     Avg:       1.0000 
         Index: [F,G] 	Values:        1.0000       1.0000       1.0000       1.0000       1.0000       1.0000       1.0000       1.0000       1.0000       1.0000     Max-Min:       0.0000     Avg:       1.0000 
         Index: [F,H] 	Values:        1.0000       1.0000       1.0000       1.0000       1.0000       1.0000       1.0000       1.0000       1.0000       1.0000     Max-Min:       0.0000     Avg:       1.0000 
         Index: [G,F] 	Values:        1.0000       1.0000       1.0000       1.0000       1.0000       1.0000       1.0000       1.0000       1.0000       1.0000     Max-Min:       0.0000     Avg:       1.0000 
         Index: [G,I] 	Values:        1.0000       1.0000       1.0000       1.0000       1.0000       1.0000       1.0000       1.0000       1.0000       1.0000     Max-Min:       0.0000     Avg:       1.0000 
         Index: [G,J] 	Values:        1.0000       1.0000       1.0000       1.0000       1.0000       1.0000       1.0000       1.0000       1.0000       1.0000     Max-Min:       0.0000     Avg:       1.0000 
         Index: [H,F] 	Values:        1.0000       1.0000       1.0000       1.0000       1.0000       1.0000       1.0000       1.0000       1.0000       1.0000     Max-Min:       0.0000     Avg:       1.0000 
         Index: [H,I] 	Values:        1.0000       0.0000      -0.0000       0.0000       0.0000       0.0000       0.0000       0.0000       0.0000       0.0000     Max-Min:       1.0000     Avg:       0.1000 
         Index: [I,G] 	Values:        1.0000       1.0000       1.0000       1.0000       1.0000       1.0000       1.0000       1.0000       1.0000       1.0000     Max-Min:       0.0000     Avg:       1.0000 
         Index: [I,H] 	Values:        1.0000       0.0000      -0.0000       0.0000       0.0000       0.0000      -0.0000      -0.0000       0.0000       0.0000     Max-Min:       1.0000     Avg:       0.1000 
         Index: [I,J] 	Values:        1.0000       0.0000       0.0000       0.0000       0.0000       0.0000       0.0000       0.0000       0.0000       0.0000     Max-Min:       1.0000     Avg:       0.1000 
         Index: [J,G] 	Values:        1.0000       1.0000       1.0000       1.0000       1.0000       1.0000       1.0000       1.0000       1.0000       1.0000     Max-Min:       0.0000     Avg:       1.0000 
         Index: [J,I] 	Values:        1.0000       0.0000       0.0000       0.0000       0.0000       0.0000       0.0000       0.0000       0.0000       0.0000     Max-Min:       1.0000     Avg:       0.1000 
      Cost Variable: FirstStageCost
         Tree Node: RootNode       (Scenarios:  Scenario1   Scenario2   Scenario3   Scenario4   Scenario5   Scenario6   Scenario7   Scenario8   Scenario9   Scenario10   )
         Values:   132377.1665  125355.4230  120425.3782  120767.4960  124243.3505  120328.1321  118913.5500  125243.5434  122111.1055  120874.2851     Max-Min:   13463.6166     Avg:  123063.9430 
Final costs:
Scenario Tree Costs
***CAUTION***: Assumes full (or nearly so) convergence of scenario solutions at each node in the scenario tree - computed costs are invalid otherwise
----------------------------------------------------
Tree Nodes:

	Name=RootNode
	Stage=FirstStage
	Parent=None
	Conditional probability=1.0000
	Children:
		Scenario10Node
		Scenario1Node
		Scenario2Node
		Scenario3Node
		Scenario4Node
		Scenario5Node
		Scenario6Node
		Scenario7Node
		Scenario8Node
		Scenario9Node
	Scenarios:
		Scenario1
		Scenario10
		Scenario2
		Scenario3
		Scenario4
		Scenario5
		Scenario6
		Scenario7
		Scenario8
		Scenario9
	Expected cost of (sub)tree rooted at node=155004.1665

	Name=Scenario10Node
	Stage=SecondStage
	Parent=RootNode
	Conditional probability=0.1000
	Children:
		None
	Scenarios:
		Scenario10
	Expected cost of (sub)tree rooted at node=23630.0000

	Name=Scenario1Node
	Stage=SecondStage
	Parent=RootNode
	Conditional probability=0.1000
	Children:
		None
	Scenarios:
		Scenario1
	Expected cost of (sub)tree rooted at node=23410.0000

	Name=Scenario2Node
	Stage=SecondStage
	Parent=RootNode
	Conditional probability=0.1000
	Children:
		None
	Scenarios:
		Scenario2
	Expected cost of (sub)tree rooted at node=20060.0000

	Name=Scenario3Node
	Stage=SecondStage
	Parent=RootNode
	Conditional probability=0.1000
	Children:
		None
	Scenarios:
		Scenario3
	Expected cost of (sub)tree rooted at node=22410.0000

	Name=Scenario4Node
	Stage=SecondStage
	Parent=RootNode
	Conditional probability=0.1000
	Children:
		None
	Scenarios:
		Scenario4
	Expected cost of (sub)tree rooted at node=23080.0000

	Name=Scenario5Node
	Stage=SecondStage
	Parent=RootNode
	Conditional probability=0.1000
	Children:
		None
	Scenarios:
		Scenario5
	Expected cost of (sub)tree rooted at node=23990.0000

	Name=Scenario6Node
	Stage=SecondStage
	Parent=RootNode
	Conditional probability=0.1000
	Children:
		None
	Scenarios:
		Scenario6
	Expected cost of (sub)tree rooted at node=22350.0000

	Name=Scenario7Node
	Stage=SecondStage
	Parent=RootNode
	Conditional probability=0.1000
	Children:
		None
	Scenarios:
		Scenario7
	Expected cost of (sub)tree rooted at node=22450.0000

	Name=Scenario8Node
	Stage=SecondStage
	Parent=RootNode
	Conditional probability=0.1000
	Children:
		None
	Scenarios:
		Scenario8
	Expected cost of (sub)tree rooted at node=22690.0000

	Name=Scenario9Node
	Stage=SecondStage
	Parent=RootNode
	Conditional probability=0.1000
	Children:
		None
	Scenarios:
		Scenario9
	Expected cost of (sub)tree rooted at node=22200.0000

----------------------------------------------------
Scenarios:

	Name=Scenario1
	Probability=0.1000
	Leaf Node=Scenario1Node
	Tree node sequence:
		RootNode
		Scenario1Node
	Stage=          FirstStage     Cost=132377.1665
	Stage=         SecondStage     Cost=23410.0000
	Total scenario cost=155787.1665

	Name=Scenario10
	Probability=0.1000
	Leaf Node=Scenario10Node
	Tree node sequence:
		RootNode
		Scenario10Node
	Stage=          FirstStage     Cost=120874.2851
	Stage=         SecondStage     Cost=23630.0000
	Total scenario cost=144504.2851

	Name=Scenario2
	Probability=0.1000
	Leaf Node=Scenario2Node
	Tree node sequence:
		RootNode
		Scenario2Node
	Stage=          FirstStage     Cost=125355.4230
	Stage=         SecondStage     Cost=20060.0000
	Total scenario cost=145415.4230

	Name=Scenario3
	Probability=0.1000
	Leaf Node=Scenario3Node
	Tree node sequence:
		RootNode
		Scenario3Node
	Stage=          FirstStage     Cost=120425.3782
	Stage=         SecondStage     Cost=22410.0000
	Total scenario cost=142835.3782

	Name=Scenario4
	Probability=0.1000
	Leaf Node=Scenario4Node
	Tree node sequence:
		RootNode
		Scenario4Node
	Stage=          FirstStage     Cost=120767.4960
	Stage=         SecondStage     Cost=23080.0000
	Total scenario cost=143847.4960

	Name=Scenario5
	Probability=0.1000
	Leaf Node=Scenario5Node
	Tree node sequence:
		RootNode
		Scenario5Node
	Stage=          FirstStage     Cost=124243.3505
	Stage=         SecondStage     Cost=23990.0000
	Total scenario cost=148233.3505

	Name=Scenario6
	Probability=0.1000
	Leaf Node=Scenario6Node
	Tree node sequence:
		RootNode
		Scenario6Node
	Stage=          FirstStage     Cost=120328.1321
	Stage=         SecondStage     Cost=22350.0000
	Total scenario cost=142678.1321

	Name=Scenario7
	Probability=0.1000
	Leaf Node=Scenario7Node
	Tree node sequence:
		RootNode
		Scenario7Node
	Stage=          FirstStage     Cost=118913.5500
	Stage=         SecondStage     Cost=22450.0000
	Total scenario cost=141363.5500

	Name=Scenario8
	Probability=0.1000
	Leaf Node=Scenario8Node
	Tree node sequence:
		RootNode
		Scenario8Node
	Stage=          FirstStage     Cost=125243.5434
	Stage=         SecondStage     Cost=22690.0000
	Total scenario cost=147933.5434

	Name=Scenario9
	Probability=0.1000
	Leaf Node=Scenario9Node
	Tree node sequence:
		RootNode
		Scenario9Node
	Stage=          FirstStage     Cost=122111.1055
	Stage=         SecondStage     Cost=22200.0000
	Total scenario cost=144311.1055

----------------------------------------------------

Total PH execution time=213.43 seconds


Total execution time=219.73 seconds
