lagrangeMorePR begins datetime = 2015-09-17 13:46:42.869610
Initializing PH

We are solving a MINIMIZATION problem.
3 scenarios read from file: /home/hudson/slave/workspace/Pyomo_trunk_python2.7_snotra_expensive/src/pyomo/pyomo/pysp/tests/unit/lagrange_pr_testScenarioList.csv
2 PR points read from file: /home/hudson/slave/workspace/Pyomo_trunk_python2.7_snotra_expensive/src/pyomo/pyomo/pysp/tests/unit/lagrange_pr_testPRoptimal.csv (envelope function)
2 PR points:
            lambda        beta-probability       min cost 
                   0                  0.0          108,879.0
           20774.832                  1.0          129,654.0
==================================================================
2 Optimal selections read from file: /home/hudson/slave/workspace/Pyomo_trunk_python2.7_snotra_expensive/src/pyomo/pyomo/pysp/tests/unit/lagrange_pr_testOptimalSelections.csv
10 probabilities
solve begins datetime = 2015-09-17 13:46:44.623256
	- lambda = 0.000000
SolStatus=ok
solve ends datetime = 2015-09-17 13:46:47.974590
	- SolStat = ok
	- b = 0.34
	- z = 111828.56
(adding to more PR points)
solve begins datetime = 2015-09-17 13:46:47.974828
	- lambda = 0.000000
SolStatus=ok
solve ends datetime = 2015-09-17 13:46:51.005417
	- SolStat = ok
	- b = 0.34
	- z = 111828.56
(adding to more PR points)
	Not generating PR point...flipping from bU failed
	Not generating PR point...flipping from bU failed
solve begins datetime = 2015-09-17 13:46:51.005785
	- lambda = 0.000000
SolStatus=ok
solve ends datetime = 2015-09-17 13:46:54.190231
	- SolStat = ok
	- b = 0.67
	- z = 111983.43
(adding to more PR points)
	Not generating PR point...flipping from bU failed
solve begins datetime = 2015-09-17 13:46:54.190554
	- lambda = 0.000000
SolStatus=ok
solve ends datetime = 2015-09-17 13:46:57.417929
	- SolStat = ok
	- b = 0.67
	- z = 111983.43
(adding to more PR points)
solve begins datetime = 2015-09-17 13:46:57.418162
	- lambda = 0.000000
SolStatus=ok
solve ends datetime = 2015-09-17 13:47:00.615758
	- SolStat = ok
	- b = 0.67
	- z = 111983.43
(adding to more PR points)
solve begins datetime = 2015-09-17 13:47:00.616012
	- lambda = 0.000000
SolStatus=ok
solve ends datetime = 2015-09-17 13:47:03.752152
	- SolStat = ok
	- b = 0.34
	- z = 111828.56
(adding to more PR points)
solve begins datetime = 2015-09-17 13:47:03.752439
	- lambda = 0.000000
SolStatus=ok
solve ends datetime = 2015-09-17 13:47:06.885387
	- SolStat = ok
	- b = 0.67
	- z = 111983.43
(adding to more PR points)
7 PR points written to file: /home/hudson/slave/workspace/Pyomo_trunk_python2.7_snotra_expensive/src/pyomo/pyomo/pysp/tests/unit/lagrange_pr_testPRmore.csv
lapsed time = 24.022742033

====================  returned from LagrangeMorePR
starting datetime = 2015-09-17 13:46:42.869730
3 scenarios read from file: /home/hudson/slave/workspace/Pyomo_trunk_python2.7_snotra_expensive/src/pyomo/pyomo/pysp/tests/unit/lagrange_pr_testScenarioList.csv
2 PR points read from file: /home/hudson/slave/workspace/Pyomo_trunk_python2.7_snotra_expensive/src/pyomo/pyomo/pysp/tests/unit/lagrange_pr_testPRoptimal.csv (envelope function)
2 Optimal selections read from file: /home/hudson/slave/workspace/Pyomo_trunk_python2.7_snotra_expensive/src/pyomo/pyomo/pysp/tests/unit/lagrange_pr_testOptimalSelections.csv
10 probabilities
Initialize complete...lapsed time = 1.75337696075
7 PR points written to file: /home/hudson/slave/workspace/Pyomo_trunk_python2.7_snotra_expensive/src/pyomo/pyomo/pysp/tests/unit/lagrange_pr_testPRmore.csv
lapsed time = 24.022742033
Envelope:
2 PR points:
            lambda        beta-probability       min cost 
                   0                  0.0          108,879.0
           20774.832                  1.0          129,654.0
==================================================================
None

Added:
7 PR points:
            lambda        beta-probability       min cost 
                None                 0.34          111,829.0
                None                 0.34          111,829.0
                None                 0.67          111,983.0
                None                 0.67          111,983.0
                None                 0.67          111,983.0
                None                 0.34          111,829.0
                None                 0.67          111,983.0
==================================================================
Combined table of PR points (sorted):
9 PR points:
            lambda        beta-probability       min cost 
                   0                  0.0          108,879.0
                None                 0.34          111,829.0
                None                 0.34          111,829.0
                None                 0.34          111,829.0
                None                 0.67          111,983.0
                None                 0.67          111,983.0
                None                 0.67          111,983.0
                None                 0.67          111,983.0
           20774.832                  1.0          129,654.0
==================================================================
None
