Importing module=/Users/ghackebeil/Projects/Pyomo/pyomo/examples/pysp/networkflow/config/rhosettermixed.py
Module successfully loaded
Client assigned dispatcher with URI=PYRO://127.0.0.1:36879/86fdc20177a622e2f4ca4fa58ad8689466
Initializing PH

Transmitting user rho callback invocations to phsolverservers
WW PH Extension: Loading user-specified configuration from file=/home/gahacke/Project/Pyomo/jenkins/src/pyomo/examples/pysp/networkflow/config/wwph-mipgaponly.cfg
Starting PH

Initiating PH iteration=0
Number of discrete variables fixed=0 (total=30)
Number of continuous variables fixed=0 (total=30)
First stage cost avg= 114953.9940 Max-Min=32195.68
Converger=Normalized term diff value is         0.6629 - threshold reached=False
Cumulative run-time=16.93 seconds

Initiating PH iteration=1
WW PH Extension: Setting mipgap to 0.1000000, as specified in the configuration file
WW PH Extension: Analyzing variables for fixing
Number of discrete variables fixed=0 (total=30)
Number of continuous variables fixed=0 (total=30)
First stage cost avg= 118679.2769 Max-Min=31520.77
Converger=Normalized term diff value is         0.6960 - threshold reached=False
Cumulative run-time=43.45 seconds

Initiating PH iteration=2
WW PH Extension: ***CAUTION - setting mipgap to thresholded maximal initial value=0.1000000; unthresholded value=0.1049869
WW PH Extension: Analyzing variables for fixing
Number of discrete variables fixed=0 (total=30)
Number of continuous variables fixed=0 (total=30)
First stage cost avg= 118402.6085 Max-Min=26072.18
Converger=Normalized term diff value is         0.6531 - threshold reached=False
Cumulative run-time=77.56 seconds

Initiating PH iteration=3
WW PH Extension: Setting mipgap to 0.0985128, based on current value of the convergence metric
WW PH Extension: Analyzing variables for fixing
Number of discrete variables fixed=0 (total=30)
Number of continuous variables fixed=0 (total=30)
First stage cost avg= 118199.7244 Max-Min=22305.18
Converger=Normalized term diff value is         0.1421 - threshold reached=False
Cumulative run-time=122.56 seconds

Initiating PH iteration=4
WW PH Extension: Setting mipgap to 0.0215003, based on current value of the convergence metric
WW PH Extension: Analyzing variables for fixing
Number of discrete variables fixed=0 (total=30)
Number of continuous variables fixed=0 (total=30)
First stage cost avg= 120065.6274 Max-Min=16350.32
Converger=Normalized term diff value is         0.2303 - threshold reached=False
Cumulative run-time=209.11 seconds

Initiating PH iteration=5
WW PH Extension: Setting mipgap to 0.0347996, based on current value of the convergence metric
WW PH Extension: Analyzing variables for fixing
Number of discrete variables fixed=0 (total=30)
Number of continuous variables fixed=0 (total=30)
First stage cost avg= 120087.1343 Max-Min=16963.66
Converger=Normalized term diff value is         0.2208 - threshold reached=False
Cumulative run-time=296.01 seconds
Halting PH - reached maximal iteration count=5

Number of discrete variables fixed before final plugin calls=0 (total=30)
Number of continuous variables fixed before final plugin calls=0 (total=30)
PH complete

Convergence history:
Converger=Normalized term diff
Iteration    Metric Value
     0               0.6629
     1               0.6960
     2               0.6531
     3               0.1421
     4               0.2303
     5               0.2208


Final number of discrete variables fixed=0 (total=30)
Final number of continuous variables fixed=0 (total=30)

Computing objective inner bound at xhat solution

Computed objective upper bound= 144439.4165

X-hat variable values:

   Stage: FirstStage
          (Scenarios: Scenario1  Scenario2  Scenario3  Scenario4  Scenario5  Scenario6  Scenario7  Scenario8  Scenario9  Scenario10  )
      Variable: b0
         Index: [A,B]	Values:        1.0000      1.0000      1.0000      1.0000      1.0000      1.0000      1.0000      1.0000      1.0000      1.0000

         Index: [B,A]	Values:        1.0000      1.0000      1.0000      1.0000      1.0000      1.0000      1.0000      1.0000      1.0000      1.0000

         Index: [B,E]	Values:        1.0000      1.0000      1.0000      1.0000      1.0000      1.0000      1.0000      1.0000      1.0000      1.0000

         Index: [C,D]	Values:        1.0000      1.0000      1.0000      1.0000      1.0000      1.0000      1.0000      1.0000      1.0000      1.0000

         Index: [D,C]	Values:        1.0000      1.0000      1.0000      1.0000      1.0000      1.0000      1.0000      1.0000      1.0000      1.0000

         Index: [D,E]	Values:        1.0000      1.0000      1.0000      1.0000      1.0000      1.0000      1.0000      1.0000      1.0000      1.0000

         Index: [E,B]	Values:        1.0000      1.0000      1.0000      1.0000      1.0000      1.0000      1.0000      1.0000      1.0000      1.0000

         Index: [E,D]	Values:        1.0000      1.0000      1.0000      1.0000      1.0000      1.0000      1.0000      1.0000      1.0000      1.0000

         Index: [E,F]	Values:        1.0000      1.0000      1.0000      1.0000      1.0000      1.0000      1.0000      1.0000      1.0000      1.0000

         Index: [F,E]	Values:        1.0000      1.0000      1.0000      1.0000      1.0000      1.0000      1.0000      1.0000      1.0000      1.0000

         Index: [F,G]	Values:        1.0000      1.0000      1.0000      1.0000      1.0000      1.0000      1.0000      1.0000      1.0000      1.0000

         Index: [F,H]	Values:        1.0000      1.0000      1.0000      1.0000      1.0000      1.0000      1.0000      1.0000      1.0000      1.0000

         Index: [G,F]	Values:        1.0000      1.0000      1.0000      1.0000      1.0000      1.0000      1.0000      1.0000      1.0000      1.0000

         Index: [G,H]	Values:        1.0000      1.0000      1.0000      1.0000      1.0000      1.0000      1.0000      1.0000      1.0000      1.0000

         Index: [G,I]	Values:        1.0000      1.0000      1.0000      1.0000      1.0000      1.0000      1.0000      1.0000      1.0000      1.0000

         Index: [G,J]	Values:        1.0000      1.0000      1.0000      1.0000      1.0000      1.0000      1.0000      1.0000      1.0000      1.0000

         Index: [H,F]	Values:        1.0000      1.0000      1.0000      1.0000      1.0000      1.0000      1.0000      1.0000      1.0000      1.0000

         Index: [H,G]	Values:        1.0000      1.0000      1.0000      1.0000      1.0000      1.0000      1.0000      1.0000      1.0000      1.0000

         Index: [I,G]	Values:        1.0000      1.0000      1.0000      1.0000      1.0000      1.0000      1.0000      1.0000      1.0000      1.0000

         Index: [J,G]	Values:        1.0000      1.0000      1.0000      1.0000      1.0000      1.0000      1.0000      1.0000      1.0000      1.0000

          (Scenarios: Scenario1  Scenario2  Scenario3  Scenario4  Scenario5  Scenario6  Scenario7  Scenario8  Scenario9  Scenario10  )
      Variable: x
         Index: [A,B]	Values:       28.9100     28.9100     28.9100     28.9100     28.9100     28.9100     28.9100     28.9100     28.9100     28.9100

         Index: [B,A]	Values:       28.9100     28.9100     28.9100     28.9100     28.9100     28.9100     28.9100     28.9100     28.9100     28.9100

         Index: [B,E]	Values:       53.2800     53.2800     53.2800     53.2800     53.2800     53.2800     53.2800     53.2800     53.2800     53.2800

         Index: [C,D]	Values:       29.9400     29.9400     29.9400     29.9400     29.9400     29.9400     29.9400     29.9400     29.9400     29.9400

         Index: [D,C]	Values:       29.9400     29.9400     29.9400     29.9400     29.9400     29.9400     29.9400     29.9400     29.9400     29.9400

         Index: [D,E]	Values:       51.9600     51.9600     51.9600     51.9600     51.9600     51.9600     51.9600     51.9600     51.9600     51.9600

         Index: [E,B]	Values:       53.2800     53.2800     53.2800     53.2800     53.2800     53.2800     53.2800     53.2800     53.2800     53.2800

         Index: [E,D]	Values:       51.9600     51.9600     51.9600     51.9600     51.9600     51.9600     51.9600     51.9600     51.9600     51.9600

         Index: [E,F]	Values:       92.1839     92.1839     92.1839     92.1839     92.1839     92.1839     92.1839     92.1839     92.1839     92.1839

         Index: [F,E]	Values:       92.1839     92.1839     92.1839     92.1839     92.1839     92.1839     92.1839     92.1839     92.1839     92.1839

         Index: [F,G]	Values:       66.2498     66.2498     66.2498     66.2498     66.2498     66.2498     66.2498     66.2498     66.2498     66.2498

         Index: [F,H]	Values:       15.7177     15.7177     15.7177     15.7177     15.7177     15.7177     15.7177     15.7177     15.7177     15.7177

         Index: [G,F]	Values:       66.2498     66.2498     66.2498     66.2498     66.2498     66.2498     66.2498     66.2498     66.2498     66.2498

         Index: [G,H]	Values:       13.2423     13.2423     13.2423     13.2423     13.2423     13.2423     13.2423     13.2423     13.2423     13.2423

         Index: [G,I]	Values:       29.2000     29.2000     29.2000     29.2000     29.2000     29.2000     29.2000     29.2000     29.2000     29.2000

         Index: [G,J]	Values:       29.5800     29.5800     29.5800     29.5800     29.5800     29.5800     29.5800     29.5800     29.5800     29.5800

         Index: [H,F]	Values:       15.7177     15.7177     15.7177     15.7177     15.7177     15.7177     15.7177     15.7177     15.7177     15.7177

         Index: [H,G]	Values:       13.2423     13.2423     13.2423     13.2423     13.2423     13.2423     13.2423     13.2423     13.2423     13.2423

         Index: [I,G]	Values:       29.2000     29.2000     29.2000     29.2000     29.2000     29.2000     29.2000     29.2000     29.2000     29.2000

         Index: [J,G]	Values:       29.5800     29.5800     29.5800     29.5800     29.5800     29.5800     29.5800     29.5800     29.5800     29.5800

      Cost Variable: FirstStageCost
         Tree Node: RootNode      (Scenarios:  Scenario1 Scenario2 Scenario3 Scenario4 Scenario5 Scenario6 Scenario7 Scenario8 Scenario9 Scenario10 )
         Values:   132889.4277 119221.2511 122629.5685 121826.2285 125357.3337 119216.7711 119514.6911 119216.7711 122855.3513 119216.7711    Max-Min:    13672.6567   Avg:   122194.4165

X-hat costs:

Scenario Tree Costs
----------------------------------------------------
Tree Nodes:

	Name=RootNode
	Stage=FirstStage
	Parent=None
	Conditional probability=1.0000
	Children:
		Scenario10Node
		Scenario1Node
		Scenario2Node
		Scenario3Node
		Scenario4Node
		Scenario5Node
		Scenario6Node
		Scenario7Node
		Scenario8Node
		Scenario9Node
	Scenarios:
		Scenario1
		Scenario10
		Scenario2
		Scenario3
		Scenario4
		Scenario5
		Scenario6
		Scenario7
		Scenario8
		Scenario9
	Expected cost of (sub)tree rooted at node=155134.4277

	Name=Scenario10Node
	Stage=SecondStage
	Parent=RootNode
	Conditional probability=0.1000
	Children:
		None
	Scenarios:
		Scenario10
	Expected cost of (sub)tree rooted at node=23630.0000

	Name=Scenario1Node
	Stage=SecondStage
	Parent=RootNode
	Conditional probability=0.1000
	Children:
		None
	Scenarios:
		Scenario1
	Expected cost of (sub)tree rooted at node=21190.0000

	Name=Scenario2Node
	Stage=SecondStage
	Parent=RootNode
	Conditional probability=0.1000
	Children:
		None
	Scenarios:
		Scenario2
	Expected cost of (sub)tree rooted at node=22380.0000

	Name=Scenario3Node
	Stage=SecondStage
	Parent=RootNode
	Conditional probability=0.1000
	Children:
		None
	Scenarios:
		Scenario3
	Expected cost of (sub)tree rooted at node=20090.0000

	Name=Scenario4Node
	Stage=SecondStage
	Parent=RootNode
	Conditional probability=0.1000
	Children:
		None
	Scenarios:
		Scenario4
	Expected cost of (sub)tree rooted at node=21480.0000

	Name=Scenario5Node
	Stage=SecondStage
	Parent=RootNode
	Conditional probability=0.1000
	Children:
		None
	Scenarios:
		Scenario5
	Expected cost of (sub)tree rooted at node=23990.0000

	Name=Scenario6Node
	Stage=SecondStage
	Parent=RootNode
	Conditional probability=0.1000
	Children:
		None
	Scenarios:
		Scenario6
	Expected cost of (sub)tree rooted at node=23510.0000

	Name=Scenario7Node
	Stage=SecondStage
	Parent=RootNode
	Conditional probability=0.1000
	Children:
		None
	Scenarios:
		Scenario7
	Expected cost of (sub)tree rooted at node=21290.0000

	Name=Scenario8Node
	Stage=SecondStage
	Parent=RootNode
	Conditional probability=0.1000
	Children:
		None
	Scenarios:
		Scenario8
	Expected cost of (sub)tree rooted at node=23850.0000

	Name=Scenario9Node
	Stage=SecondStage
	Parent=RootNode
	Conditional probability=0.1000
	Children:
		None
	Scenarios:
		Scenario9
	Expected cost of (sub)tree rooted at node=21040.0000

----------------------------------------------------
Scenarios:

	Name=Scenario1
	Probability=0.1000
	Leaf Node=Scenario1Node
	Tree node sequence:
		RootNode
		Scenario1Node
	Stage=          FirstStage     Cost=132889.4277
	Stage=         SecondStage     Cost=21190.0000
	Total scenario cost=154079.4277

	Name=Scenario10
	Probability=0.1000
	Leaf Node=Scenario10Node
	Tree node sequence:
		RootNode
		Scenario10Node
	Stage=          FirstStage     Cost=119216.7711
	Stage=         SecondStage     Cost=23630.0000
	Total scenario cost=142846.7711

	Name=Scenario2
	Probability=0.1000
	Leaf Node=Scenario2Node
	Tree node sequence:
		RootNode
		Scenario2Node
	Stage=          FirstStage     Cost=119221.2511
	Stage=         SecondStage     Cost=22380.0000
	Total scenario cost=141601.2511

	Name=Scenario3
	Probability=0.1000
	Leaf Node=Scenario3Node
	Tree node sequence:
		RootNode
		Scenario3Node
	Stage=          FirstStage     Cost=122629.5685
	Stage=         SecondStage     Cost=20090.0000
	Total scenario cost=142719.5685

	Name=Scenario4
	Probability=0.1000
	Leaf Node=Scenario4Node
	Tree node sequence:
		RootNode
		Scenario4Node
	Stage=          FirstStage     Cost=121826.2285
	Stage=         SecondStage     Cost=21480.0000
	Total scenario cost=143306.2285

	Name=Scenario5
	Probability=0.1000
	Leaf Node=Scenario5Node
	Tree node sequence:
		RootNode
		Scenario5Node
	Stage=          FirstStage     Cost=125357.3337
	Stage=         SecondStage     Cost=23990.0000
	Total scenario cost=149347.3337

	Name=Scenario6
	Probability=0.1000
	Leaf Node=Scenario6Node
	Tree node sequence:
		RootNode
		Scenario6Node
	Stage=          FirstStage     Cost=119216.7711
	Stage=         SecondStage     Cost=23510.0000
	Total scenario cost=142726.7711

	Name=Scenario7
	Probability=0.1000
	Leaf Node=Scenario7Node
	Tree node sequence:
		RootNode
		Scenario7Node
	Stage=          FirstStage     Cost=119514.6911
	Stage=         SecondStage     Cost=21290.0000
	Total scenario cost=140804.6911

	Name=Scenario8
	Probability=0.1000
	Leaf Node=Scenario8Node
	Tree node sequence:
		RootNode
		Scenario8Node
	Stage=          FirstStage     Cost=119216.7711
	Stage=         SecondStage     Cost=23850.0000
	Total scenario cost=143066.7711

	Name=Scenario9
	Probability=0.1000
	Leaf Node=Scenario9Node
	Tree node sequence:
		RootNode
		Scenario9Node
	Stage=          FirstStage     Cost=122855.3513
	Stage=         SecondStage     Cost=21040.0000
	Total scenario cost=143895.3513

----------------------------------------------------


Total PH execution time=304.38 seconds


Total execution time=309.02 seconds
